Archive member included to satisfy reference by file (symbol)

/home/users/aag/code/gcc-arm-none-eabi-7-2018-q2-update/bin/../lib/gcc/arm-none-eabi/7.3.1/../../../../arm-none-eabi/lib/thumb/v6-m/libstdc++_nano.a(pure.o)
                              build/main.o (__cxa_pure_virtual)
/home/users/aag/code/gcc-arm-none-eabi-7-2018-q2-update/bin/../lib/gcc/arm-none-eabi/7.3.1/../../../../arm-none-eabi/lib/thumb/v6-m/libstdc++_nano.a(eh_terminate.o)
                              /home/users/aag/code/gcc-arm-none-eabi-7-2018-q2-update/bin/../lib/gcc/arm-none-eabi/7.3.1/../../../../arm-none-eabi/lib/thumb/v6-m/libstdc++_nano.a(pure.o) (std::terminate())
/home/users/aag/code/gcc-arm-none-eabi-7-2018-q2-update/bin/../lib/gcc/arm-none-eabi/7.3.1/../../../../arm-none-eabi/lib/thumb/v6-m/libstdc++_nano.a(eh_term_handler.o)
                              /home/users/aag/code/gcc-arm-none-eabi-7-2018-q2-update/bin/../lib/gcc/arm-none-eabi/7.3.1/../../../../arm-none-eabi/lib/thumb/v6-m/libstdc++_nano.a(eh_terminate.o) (__cxxabiv1::__terminate_handler)
/home/users/aag/code/gcc-arm-none-eabi-7-2018-q2-update/bin/../lib/gcc/arm-none-eabi/7.3.1/../../../../arm-none-eabi/lib/thumb/v6-m/libstdc++_nano.a(eh_unex_handler.o)
                              /home/users/aag/code/gcc-arm-none-eabi-7-2018-q2-update/bin/../lib/gcc/arm-none-eabi/7.3.1/../../../../arm-none-eabi/lib/thumb/v6-m/libstdc++_nano.a(eh_terminate.o) (__cxxabiv1::__unexpected_handler)
/home/users/aag/code/gcc-arm-none-eabi-7-2018-q2-update/bin/../lib/gcc/arm-none-eabi/7.3.1/../../../../arm-none-eabi/lib/thumb/v6-m/libc_nano.a(lib_a-abort.o)
                              /home/users/aag/code/gcc-arm-none-eabi-7-2018-q2-update/bin/../lib/gcc/arm-none-eabi/7.3.1/../../../../arm-none-eabi/lib/thumb/v6-m/libstdc++_nano.a(eh_terminate.o) (abort)
/home/users/aag/code/gcc-arm-none-eabi-7-2018-q2-update/bin/../lib/gcc/arm-none-eabi/7.3.1/../../../../arm-none-eabi/lib/thumb/v6-m/libc_nano.a(lib_a-exit.o)
                              /home/users/aag/code/gcc-arm-none-eabi-7-2018-q2-update/bin/../lib/gcc/arm-none-eabi/7.3.1/../../../../arm-none-eabi/lib/thumb/v6-m/crt0.o (exit)
/home/users/aag/code/gcc-arm-none-eabi-7-2018-q2-update/bin/../lib/gcc/arm-none-eabi/7.3.1/../../../../arm-none-eabi/lib/thumb/v6-m/libc_nano.a(lib_a-impure.o)
                              /home/users/aag/code/gcc-arm-none-eabi-7-2018-q2-update/bin/../lib/gcc/arm-none-eabi/7.3.1/../../../../arm-none-eabi/lib/thumb/v6-m/libc_nano.a(lib_a-exit.o) (_global_impure_ptr)
/home/users/aag/code/gcc-arm-none-eabi-7-2018-q2-update/bin/../lib/gcc/arm-none-eabi/7.3.1/../../../../arm-none-eabi/lib/thumb/v6-m/libc_nano.a(lib_a-init.o)
                              /home/users/aag/code/gcc-arm-none-eabi-7-2018-q2-update/bin/../lib/gcc/arm-none-eabi/7.3.1/../../../../arm-none-eabi/lib/thumb/v6-m/crt0.o (__libc_init_array)
/home/users/aag/code/gcc-arm-none-eabi-7-2018-q2-update/bin/../lib/gcc/arm-none-eabi/7.3.1/../../../../arm-none-eabi/lib/thumb/v6-m/libc_nano.a(lib_a-memset.o)
                              /home/users/aag/code/gcc-arm-none-eabi-7-2018-q2-update/bin/../lib/gcc/arm-none-eabi/7.3.1/../../../../arm-none-eabi/lib/thumb/v6-m/crt0.o (memset)
/home/users/aag/code/gcc-arm-none-eabi-7-2018-q2-update/bin/../lib/gcc/arm-none-eabi/7.3.1/../../../../arm-none-eabi/lib/thumb/v6-m/libc_nano.a(lib_a-signal.o)
                              /home/users/aag/code/gcc-arm-none-eabi-7-2018-q2-update/bin/../lib/gcc/arm-none-eabi/7.3.1/../../../../arm-none-eabi/lib/thumb/v6-m/libc_nano.a(lib_a-abort.o) (raise)
/home/users/aag/code/gcc-arm-none-eabi-7-2018-q2-update/bin/../lib/gcc/arm-none-eabi/7.3.1/../../../../arm-none-eabi/lib/thumb/v6-m/libc_nano.a(lib_a-signalr.o)
                              /home/users/aag/code/gcc-arm-none-eabi-7-2018-q2-update/bin/../lib/gcc/arm-none-eabi/7.3.1/../../../../arm-none-eabi/lib/thumb/v6-m/libc_nano.a(lib_a-signal.o) (_kill_r)
/home/users/aag/code/gcc-arm-none-eabi-7-2018-q2-update/bin/../lib/gcc/arm-none-eabi/7.3.1/../../../../arm-none-eabi/lib/thumb/v6-m/libc_nano.a(lib_a-nano-mallocr.o)
                              /home/users/aag/code/gcc-arm-none-eabi-7-2018-q2-update/bin/../lib/gcc/arm-none-eabi/7.3.1/../../../../arm-none-eabi/lib/thumb/v6-m/libc_nano.a(lib_a-signal.o) (_malloc_r)
/home/users/aag/code/gcc-arm-none-eabi-7-2018-q2-update/bin/../lib/gcc/arm-none-eabi/7.3.1/../../../../arm-none-eabi/lib/thumb/v6-m/libc_nano.a(lib_a-reent.o)
                              /home/users/aag/code/gcc-arm-none-eabi-7-2018-q2-update/bin/../lib/gcc/arm-none-eabi/7.3.1/../../../../arm-none-eabi/lib/thumb/v6-m/libc_nano.a(lib_a-signalr.o) (errno)
/home/users/aag/code/gcc-arm-none-eabi-7-2018-q2-update/bin/../lib/gcc/arm-none-eabi/7.3.1/../../../../arm-none-eabi/lib/thumb/v6-m/libc_nano.a(lib_a-sbrkr.o)
[...]
Memory Configuration

Name             Origin             Length             Attributes
RAM              0x0000000020000000 0x0000000000001000 xrw
FLASH            0x0000000008000000 0x0000000000008000 xr
*default*        0x0000000000000000 0xffffffffffffffff

Linker script and memory map

LOAD /home/users/aag/code/gcc-arm-none-eabi-7-2018-q2-update/bin/../lib/gcc/arm-none-eabi/7.3.1/thumb/v6-m/crti.o
LOAD /home/users/aag/code/gcc-arm-none-eabi-7-2018-q2-update/bin/../lib/gcc/arm-none-eabi/7.3.1/thumb/v6-m/crtbegin.o
LOAD /home/users/aag/code/gcc-arm-none-eabi-7-2018-q2-update/bin/../lib/gcc/arm-none-eabi/7.3.1/../../../../arm-none-eabi/lib/thumb/v6-m/crt0.o
LOAD build/main.o
LOAD build/startup_stm32f030x6.o
LOAD /home/users/aag/code/gcc-arm-none-eabi-7-2018-q2-update/bin/../lib/gcc/arm-none-eabi/7.3.1/../../../../arm-none-eabi/lib/thumb/v6-m/libnosys.a
LOAD /home/users/aag/code/gcc-arm-none-eabi-7-2018-q2-update/bin/../lib/gcc/arm-none-eabi/7.3.1/../../../../arm-none-eabi/lib/thumb/v6-m/libstdc++_nano.a
LOAD /home/users/aag/code/gcc-arm-none-eabi-7-2018-q2-update/bin/../lib/gcc/arm-none-eabi/7.3.1/../../../../arm-none-eabi/lib/thumb/v6-m/libm.a
LOAD /home/users/aag/code/gcc-arm-none-eabi-7-2018-q2-update/bin/../lib/gcc/arm-none-eabi/7.3.1/../../../../arm-none-eabi/lib/thumb/v6-m/libc_nano.a
START GROUP
LOAD /home/users/aag/code/gcc-arm-none-eabi-7-2018-q2-update/bin/../lib/gcc/arm-none-eabi/7.3.1/thumb/v6-m/libgcc.a
LOAD /home/users/aag/code/gcc-arm-none-eabi-7-2018-q2-update/bin/../lib/gcc/arm-none-eabi/7.3.1/../../../../arm-none-eabi/lib/thumb/v6-m/libc_nano.a
END GROUP
START GROUP
LOAD /home/users/aag/code/gcc-arm-none-eabi-7-2018-q2-update/bin/../lib/gcc/arm-none-eabi/7.3.1/thumb/v6-m/libgcc.a
LOAD /home/users/aag/code/gcc-arm-none-eabi-7-2018-q2-update/bin/../lib/gcc/arm-none-eabi/7.3.1/../../../../arm-none-eabi/lib/thumb/v6-m/libc_nano.a
LOAD /home/users/aag/code/gcc-arm-none-eabi-7-2018-q2-update/bin/../lib/gcc/arm-none-eabi/7.3.1/../../../../arm-none-eabi/lib/thumb/v6-m/libnosys.a
END GROUP
START GROUP
LOAD /home/users/aag/code/gcc-arm-none-eabi-7-2018-q2-update/bin/../lib/gcc/arm-none-eabi/7.3.1/thumb/v6-m/libgcc.a
LOAD /home/users/aag/code/gcc-arm-none-eabi-7-2018-q2-update/bin/../lib/gcc/arm-none-eabi/7.3.1/../../../../arm-none-eabi/lib/thumb/v6-m/libc_nano.a
LOAD /home/users/aag/code/gcc-arm-none-eabi-7-2018-q2-update/bin/../lib/gcc/arm-none-eabi/7.3.1/../../../../arm-none-eabi/lib/thumb/v6-m/libnosys.a
END GROUP
LOAD /home/users/aag/code/gcc-arm-none-eabi-7-2018-q2-update/bin/../lib/gcc/arm-none-eabi/7.3.1/thumb/v6-m/crtend.o
LOAD /home/users/aag/code/gcc-arm-none-eabi-7-2018-q2-update/bin/../lib/gcc/arm-none-eabi/7.3.1/thumb/v6-m/crtn.o
                0x0000000020001000                _estack = 0x20001000
                0x0000000000000200                _Min_Heap_Size = 0x200
                0x0000000000000400                _Min_Stack_Size = 0x400

.isr_vector     0x0000000008000000       0xc0
                0x0000000008000000                . = ALIGN (0x4)
 *(.isr_vector)
 .isr_vector    0x0000000008000000       0xc0 build/startup_stm32f030x6.o
                0x0000000008000000                g_pfnVectors
                0x00000000080000c0                . = ALIGN (0x4)

.text           0x00000000080000c0     0x4b78
                0x00000000080000c0                . = ALIGN (0x4)
 *(.text)
 .text          0x00000000080000c0       0x48 /home/users/aag/code/gcc-arm-none-eabi-7-2018-q2-update/bin/../lib/gcc/arm-none-eabi/7.3.1/thumb/v6-m/crtbegin.o
 .text          0x0000000008000108      0x114 /home/users/aag/code/gcc-arm-none-eabi-7-2018-q2-update/bin/../lib/gcc/arm-none-eabi/7.3.1/thumb/v6-m/libgcc.a(_udivsi3.o)
                0x0000000008000108                __udivsi3
                0x0000000008000108                __aeabi_uidiv
                0x0000000008000214                __aeabi_uidivmod
 .text          0x000000000800021c        0x4 /home/users/aag/code/gcc-arm-none-eabi-7-2018-q2-update/bin/../lib/gcc/arm-none-eabi/7.3.1/thumb/v6-m/libgcc.a(_dvmd_tls.o)
                0x000000000800021c                __aeabi_ldiv0
                0x000000000800021c                __aeabi_idiv0
 *(.text*)
 .text.NVIC_EnableIRQ
                0x0000000008000220       0x2c build/main.o
 .text._ZN3mcu3RCC3setENS_8RCC_bits4CFGR12AHBprescalerE
                0x000000000800024c       0x34 build/main.o
                0x000000000800024c                mcu::RCC::set(mcu::RCC_bits::CFGR::AHBprescaler)
 .text._ZN3mcu3RCC3setENS_8RCC_bits4CFGR12APBprescalerE
                0x0000000008000280       0x38 build/main.o
                0x0000000008000280                mcu::RCC::set(mcu::RCC_bits::CFGR::APBprescaler)
 .text._ZN3mcu3RCC3setENS_8RCC_bits4CFGR11SystemClockE
                0x00000000080002b8       0x32 build/main.o
                0x00000000080002b8                mcu::RCC::set(mcu::RCC_bits::CFGR::SystemClock)
 *fill*         0x00000000080002ea        0x2 
 .text._ZN3mcu3RCC3setENS_8RCC_bits4CFGR9PLLsourceE
                0x00000000080002ec       0x38 build/main.o
                0x00000000080002ec                mcu::RCC::set(mcu::RCC_bits::CFGR::PLLsource)
 .text._ZN3mcu3RCC3setENS_8RCC_bits4CFGR13PLLmultiplierE
                0x0000000008000324       0x38 build/main.o
                0x0000000008000324                mcu::RCC::set(mcu::RCC_bits::CFGR::PLLmultiplier)
 .text._ZN3mcu3RCC6on_HSEEv
                0x000000000800035c       0x1e build/main.o
                0x000000000800035c                mcu::RCC::on_HSE()
 .text._ZN3mcu3RCC14wait_HSE_readyEv
                0x000000000800037a       0x28 build/main.o
                0x000000000800037a                mcu::RCC::wait_HSE_ready()
 .text._ZN3mcu3RCC6on_PLLEv
                0x00000000080003a2       0x1e build/main.o
                0x00000000080003a2                mcu::RCC::on_PLL()
 .text._ZN3mcu3RCC14wait_PLL_readyEv
                0x00000000080003c0       0x28 build/main.o
                0x00000000080003c0                mcu::RCC::wait_PLL_ready()
 .text._ZN3mcu3RCC13get_APB_clockEv
                0x00000000080003e8       0x6c build/main.o
                0x00000000080003e8                mcu::RCC::get_APB_clock()
 .text._ZN3mcu3RCC5clockENS_6PeriphE
                0x0000000008000454       0x1c build/main.o
                0x0000000008000454                mcu::RCC::clock(mcu::Periph)
 .text._ZnwjPv  0x0000000008000470       0x14 build/main.o
                0x0000000008000470                operator new(unsigned int, void*)
 .text._ZSt3minIjERKT_S2_S2_
                0x0000000008000484       0x24 build/main.o
                0x0000000008000484                unsigned int const& std::min<unsigned int>(unsigned int const&, unsigned int const&)
 .text._ZN9Publisher9subscribeER10Subscriber
                0x00000000080004a8       0x1e build/main.o
                0x00000000080004a8                Publisher::subscribe(Subscriber&)
 .text._ZN9Publisher11unsubscribeER10Subscriber
                0x00000000080004c6       0x1e build/main.o
                0x00000000080004c6                Publisher::unsubscribe(Subscriber&)
 .text._ZN9Publisher6notifyEv
                0x00000000080004e4       0x64 build/main.o
                0x00000000080004e4                Publisher::notify()
 .text._ZN3mcu7SysTick4loadEm
                0x0000000008000548       0x18 build/main.o
                0x0000000008000548                mcu::SysTick::load(unsigned long)
 .text._ZN3mcu7SysTick5clearEv
                0x0000000008000560       0x16 build/main.o
                0x0000000008000560                mcu::SysTick::clear()
 .text._ZN3mcu7SysTick9setSourceENS_12SysTick_bits4CTRL5ClockE
                0x0000000008000576       0x32 build/main.o
                0x0000000008000576                mcu::SysTick::setSource(mcu::SysTick_bits::CTRL::Clock)
 .text._ZN3mcu7SysTick15enableInterruptEv
                0x00000000080005a8       0x1a build/main.o
                0x00000000080005a8                mcu::SysTick::enableInterrupt()
 .text._ZN3mcu7SysTick6enableEv
                0x00000000080005c2       0x1a build/main.o
                0x00000000080005c2                mcu::SysTick::enable()
 .text._ZN4ListI10SubscriberEC2Ev
                0x00000000080005dc       0x1e build/main.o
                0x00000000080005dc                List<Subscriber>::List()
                0x00000000080005dc                List<Subscriber>::List()
 .text._ZN9PublisherC2Ev
                0x00000000080005fa       0x1a build/main.o
                0x00000000080005fa                Publisher::Publisher()
                0x00000000080005fa                Publisher::Publisher()
 .text._ZN11TickUpdaterC2Ev
                0x0000000008000614       0x26 build/main.o
                0x0000000008000614                TickUpdater::TickUpdater()
                0x0000000008000614                TickUpdater::TickUpdater()
 *fill*         0x000000000800063a        0x2 
 .text.SysTick_Handler
                0x000000000800063c       0x18 build/main.o
                0x000000000800063c                SysTick_Handler
 .text._ZN8ListableI10SubscriberEC2Ev
                0x0000000008000654       0x1e build/main.o
                0x0000000008000654                Listable<Subscriber>::Listable()
                0x0000000008000654                Listable<Subscriber>::Listable()
 *fill*         0x0000000008000672        0x2 
 .text._ZN10SubscriberC2Ev
                0x0000000008000674       0x28 build/main.o
                0x0000000008000674                Subscriber::Subscriber()
                0x0000000008000674                Subscriber::Subscriber()
 .text._ZN14TickSubscriberC2Ev
                0x000000000800069c       0x2c build/main.o
                0x000000000800069c                TickSubscriber::TickSubscriber()
                0x000000000800069c                TickSubscriber::TickSubscriber()
 .text._ZN14TickSubscriber16tick_unsubscribeEv
                0x00000000080006c8       0x30 build/main.o
                0x00000000080006c8                TickSubscriber::tick_unsubscribe()
 .text._ZN14TickSubscriber14tick_subscribeEv
                0x00000000080006f8       0x34 build/main.o
                0x00000000080006f8                TickSubscriber::tick_subscribe()
 .text._ZN3mcu4GPIO3setEj
                0x000000000800072c       0x20 build/main.o
                0x000000000800072c                mcu::GPIO::set(unsigned int)
 .text._ZN3mcu4GPIO5clearEj
                0x000000000800074c       0x22 build/main.o
                0x000000000800074c                mcu::GPIO::clear(unsigned int)
 .text._ZN3mcu4GPIO6is_setEj
                0x000000000800076e       0x26 build/main.o
                0x000000000800076e                mcu::GPIO::is_set(unsigned int)
 .text._ZN3PinC2ERN3mcu4GPIOEi
                0x0000000008000794       0x22 build/main.o
                0x0000000008000794                Pin::Pin(mcu::GPIO&, int)
                0x0000000008000794                Pin::Pin(mcu::GPIO&, int)
 .text._ZN3Pin3setEv
                0x00000000080007b6       0x20 build/main.o
                0x00000000080007b6                Pin::set()
 .text._ZN3Pin5clearEv
                0x00000000080007d6       0x20 build/main.o
                0x00000000080007d6                Pin::clear()
 .text._ZN3Pin6is_setEv
                0x00000000080007f6       0x22 build/main.o
                0x00000000080007f6                Pin::is_set()
 .text._ZN3PinaSEb
                0x0000000008000818       0x34 build/main.o
                0x0000000008000818                Pin::operator=(bool)
 .text._ZN3PincvbEv
                0x000000000800084c       0x1a build/main.o
                0x000000000800084c                Pin::operator bool()
 *fill*         0x0000000008000866        0x2 
 .text._ZN3mcu5USART3setENS_10USART_bits3CR16ParityE
                0x0000000008000868       0x38 build/main.o
                0x0000000008000868                mcu::USART::set(mcu::USART_bits::CR1::Parity)
 .text._ZN3mcu5USART3setENS_10USART_bits3CR18DataBitsE
                0x00000000080008a0       0x38 build/main.o
                0x00000000080008a0                mcu::USART::set(mcu::USART_bits::CR1::DataBits)
 .text._ZN3mcu5USART3setENS_10USART_bits3CR28StopBitsE
                0x00000000080008d8       0x38 build/main.o
                0x00000000080008d8                mcu::USART::set(mcu::USART_bits::CR2::StopBits)
 .text._ZN3mcu5USART6enableEv
                0x0000000008000910       0x1c build/main.o
                0x0000000008000910                mcu::USART::enable()
 .text._ZN3mcu5USART9rx_enableEv
                0x000000000800092c       0x1c build/main.o
                0x000000000800092c                mcu::USART::rx_enable()
 .text._ZN3mcu5USART9tx_enableEv
                0x0000000008000948       0x1c build/main.o
                0x0000000008000948                mcu::USART::tx_enable()
 .text._ZN3mcu5USART13DMA_tx_enableEv
                0x0000000008000964       0x1c build/main.o
                0x0000000008000964                mcu::USART::DMA_tx_enable()
 .text._ZN3mcu5USART13DMA_rx_enableEv
                0x0000000008000980       0x1c build/main.o
                0x0000000008000980                mcu::USART::DMA_rx_enable()
 .text._ZN3mcu5USART13parity_enableEv
                0x000000000800099c       0x1e build/main.o
                0x000000000800099c                mcu::USART::parity_enable()
 *fill*         0x00000000080009ba        0x2 
 .text._ZN3mcu5USART14parity_disableEv
                0x00000000080009bc       0x20 build/main.o
                0x00000000080009bc                mcu::USART::parity_disable()
 .text._ZN3mcu5USART13parity_enableEb
                0x00000000080009dc       0x32 build/main.o
                0x00000000080009dc                mcu::USART::parity_enable(bool)
 .text._ZN3mcu5USART21enable_IDLE_interruptEb
                0x0000000008000a0e       0x2e build/main.o
                0x0000000008000a0e                mcu::USART::enable_IDLE_interrupt(bool)
 .text._ZN3mcu5USART17is_IDLE_interruptEv
                0x0000000008000a3c       0x1a build/main.o
                0x0000000008000a3c                mcu::USART::is_IDLE_interrupt()
 .text._ZN3mcu5USART21clear_interrupt_flagsEv
                0x0000000008000a56       0x1c build/main.o
                0x0000000008000a56                mcu::USART::clear_interrupt_flags()
 .text._ZN3mcu5USART16receive_data_adrEv
                0x0000000008000a72       0x14 build/main.o
                0x0000000008000a72                mcu::USART::receive_data_adr()
 .text._ZN3mcu5USART17transmit_data_adrEv
                0x0000000008000a86       0x14 build/main.o
                0x0000000008000a86                mcu::USART::transmit_data_adr()
 *fill*         0x0000000008000a9a        0x2 
 .text._ZN3mcu5USART3setENS0_8BaudrateENS_6PeriphE
                0x0000000008000a9c       0xf8 build/main.o
                0x0000000008000a9c                mcu::USART::set(mcu::USART::Baudrate, mcu::Periph)
 .text._ZN3mcu7registrIVNS_8DMA_bits4IFCREEERVDaRT_
                0x0000000008000b94       0x12 build/main.o
                0x0000000008000b94                auto volatile& mcu::registr<mcu::DMA_bits::IFCR volatile>(mcu::DMA_bits::IFCR volatile&)
 .text._ZN3mcu3DMA21clear_interrupt_flagsENS0_7ChannelE
                0x0000000008000ba6       0x30 build/main.o
                0x0000000008000ba6                mcu::DMA::clear_interrupt_flags(mcu::DMA::Channel)
 .text._ZN3mcu7registrIVNS_8DMA_bits3ISREEERVDaRT_
                0x0000000008000bd6       0x12 build/main.o
                0x0000000008000bd6                auto volatile& mcu::registr<mcu::DMA_bits::ISR volatile>(mcu::DMA_bits::ISR volatile&)
 .text._ZN3mcu3DMA30is_transfer_complete_interruptENS0_7ChannelE
                0x0000000008000be8       0x36 build/main.o
                0x0000000008000be8                mcu::DMA::is_transfer_complete_interrupt(mcu::DMA::Channel)
 .text._ZN3mcu10DMA_stream6enableEv
                0x0000000008000c1e       0x32 build/main.o
                0x0000000008000c1e                mcu::DMA_stream::enable()
 .text._ZN3mcu10DMA_stream7disableEv
                0x0000000008000c50       0x1c build/main.o
                0x0000000008000c50                mcu::DMA_stream::disable()
 .text._ZN3mcu10DMA_stream10inc_memoryEv
                0x0000000008000c6c       0x1c build/main.o
                0x0000000008000c6c                mcu::DMA_stream::inc_memory()
 .text._ZN3mcu10DMA_stream13circular_modeEv
                0x0000000008000c88       0x1c build/main.o
                0x0000000008000c88                mcu::DMA_stream::circular_mode()
 .text._ZN3mcu10DMA_stream14set_memory_adrEm
                0x0000000008000ca4       0x1a build/main.o
                0x0000000008000ca4                mcu::DMA_stream::set_memory_adr(unsigned long)
 .text._ZN3mcu10DMA_stream14set_periph_adrEm
                0x0000000008000cbe       0x1a build/main.o
                0x0000000008000cbe                mcu::DMA_stream::set_periph_adr(unsigned long)
 .text._ZN3mcu10DMA_stream20set_qty_transactionsEt
                0x0000000008000cd8       0x20 build/main.o
                0x0000000008000cd8                mcu::DMA_stream::set_qty_transactions(unsigned short)
 .text._ZN3mcu10DMA_stream3setENS_8DMA_bits3CCR9DirectionE
                0x0000000008000cf8       0x34 build/main.o
                0x0000000008000cf8                mcu::DMA_stream::set(mcu::DMA_bits::CCR::Direction)
 .text._ZN3mcu10DMA_stream11size_memoryENS_8DMA_bits3CCR8DataSizeE
                0x0000000008000d2c       0x38 build/main.o
                0x0000000008000d2c                mcu::DMA_stream::size_memory(mcu::DMA_bits::CCR::DataSize)
 .text._ZN3mcu10DMA_stream11size_periphENS_8DMA_bits3CCR8DataSizeE
                0x0000000008000d64       0x38 build/main.o
                0x0000000008000d64                mcu::DMA_stream::size_periph(mcu::DMA_bits::CCR::DataSize)
 .text._ZN3mcu10DMA_stream34enable_transfer_complete_interruptEv
                0x0000000008000d9c       0x1c build/main.o
                0x0000000008000d9c                mcu::DMA_stream::enable_transfer_complete_interrupt()
 .text._ZN3mcu10DMA_stream21qty_transactions_leftEv
                0x0000000008000db8       0x16 build/main.o
                0x0000000008000db8                mcu::DMA_stream::qty_transactions_left()
 .text._ZN9InterruptC2E9IRQn_Type
                0x0000000008000dce       0x26 build/main.o
                0x0000000008000dce                Interrupt::Interrupt(IRQn_Type)
                0x0000000008000dce                Interrupt::Interrupt(IRQn_Type)
 .text._ZN9Interrupt6enableEv
                0x0000000008000df4       0x24 build/main.o
                0x0000000008000df4                Interrupt::enable()
 .text._ZN9Interrupt9subscribeEP12Interrupting
                0x0000000008000e18       0x3c build/main.o
                0x0000000008000e18                Interrupt::subscribe(Interrupting*)
 .text._ZN9Interrupt9interruptEv
                0x0000000008000e54       0x30 build/main.o
                0x0000000008000e54                Interrupt::interrupt()
 .text.DMA1_Channel1_IRQHandler
                0x0000000008000e84       0x24 build/main.o
                0x0000000008000e84                DMA1_Channel1_IRQHandler
 .text.DMA1_Channel2_3_IRQHandler
                0x0000000008000ea8       0x40 build/main.o
                0x0000000008000ea8                DMA1_Channel2_3_IRQHandler
 .text.DMA1_Channel4_5_IRQHandler
                0x0000000008000ee8        0x6 build/main.o
                0x0000000008000ee8                DMA1_Channel4_5_IRQHandler
 .text.TIM1_CC_IRQHandler
                0x0000000008000eee        0x6 build/main.o
                0x0000000008000eee                TIM1_CC_IRQHandler
 .text.TIM3_IRQHandler
                0x0000000008000ef4        0x6 build/main.o
                0x0000000008000ef4                TIM3_IRQHandler
 .text.TIM14_IRQHandler
                0x0000000008000efa        0x6 build/main.o
                0x0000000008000efa                TIM14_IRQHandler
 .text.TIM16_IRQHandler
                0x0000000008000f00        0x6 build/main.o
                0x0000000008000f00                TIM16_IRQHandler
 .text.TIM17_IRQHandler
                0x0000000008000f06        0x6 build/main.o
                0x0000000008000f06                TIM17_IRQHandler
 .text.USART1_IRQHandler
                0x0000000008000f0c       0x24 build/main.o
                0x0000000008000f0c                USART1_IRQHandler
 .text.init_clock
                0x0000000008000f30        0xe build/main.o
                0x0000000008000f30                init_clock
 .text._ZSt3getILj0EJR3PinS1_S1_S1_S1_S1_S1_S1_EERNSt13tuple_elementIXT_ESt5tupleIJDpT0_EEE4typeERS6_
                0x0000000008000f3e       0x1a build/main.o
                0x0000000008000f3e                std::tuple_element<0u, std::tuple<Pin&, Pin&, Pin&, Pin&, Pin&, Pin&, Pin&, Pin&> >::type& std::get<0u, Pin&, Pin&, Pin&, Pin&, Pin&, Pin&, Pin&, Pin&>(std::tuple<Pin&, Pin&, Pin&, Pin&, Pin&, Pin&, Pin&, Pin&>&)
 .text._ZSt12__get_helperILj0ER3PinJS1_S1_S1_S1_S1_S1_S1_EERT0_RSt11_Tuple_implIXT_EJS2_DpT1_EE
                0x0000000008000f58       0x1a build/main.o
                0x0000000008000f58                Pin& std::__get_helper<0u, Pin&, Pin&, Pin&, Pin&, Pin&, Pin&, Pin&, Pin&>(std::_Tuple_impl<0u, Pin&, Pin&, Pin&, Pin&, Pin&, Pin&, Pin&, Pin&>&)
 .text._ZNSt11_Tuple_implILj0EJR3PinS1_S1_S1_S1_S1_S1_S1_EE7_M_headERS2_
                0x0000000008000f72       0x1c build/main.o
                0x0000000008000f72                std::_Tuple_impl<0u, Pin&, Pin&, Pin&, Pin&, Pin&, Pin&, Pin&, Pin&>::_M_head(std::_Tuple_impl<0u, Pin&, Pin&, Pin&, Pin&, Pin&, Pin&, Pin&, Pin&>&)
 .text._ZNSt10_Head_baseILj0ER3PinLb0EE7_M_headERS2_
                0x0000000008000f8e       0x14 build/main.o
                0x0000000008000f8e                std::_Head_base<0u, Pin&, false>::_M_head(std::_Head_base<0u, Pin&, false>&)
 .text._ZSt3getILj0EJR3PinS1_S1_S1_S1_S1_S1_S1_EEONSt13tuple_elementIXT_ESt5tupleIJDpT0_EEE4typeEOS6_
                0x0000000008000fa2       0x22 build/main.o
                0x0000000008000fa2                std::tuple_element<0u, std::tuple<Pin&, Pin&, Pin&, Pin&, Pin&, Pin&, Pin&, Pin&> >::type&& std::get<0u, Pin&, Pin&, Pin&, Pin&, Pin&, Pin&, Pin&, Pin&>(std::tuple<Pin&, Pin&, Pin&, Pin&, Pin&, Pin&, Pin&, Pin&>&&)
 .text._ZSt7forwardIR3PinEOT_RNSt16remove_referenceIS2_E4typeE
                0x0000000008000fc4       0x12 build/main.o
                0x0000000008000fc4                Pin& std::forward<Pin&>(std::remove_reference<Pin&>::type&)
 .text._ZSt3getILj1EJR3PinS1_S1_S1_S1_S1_S1_S1_EERNSt13tuple_elementIXT_ESt5tupleIJDpT0_EEE4typeERS6_
                0x0000000008000fd6       0x1a build/main.o
                0x0000000008000fd6                std::tuple_element<1u, std::tuple<Pin&, Pin&, Pin&, Pin&, Pin&, Pin&, Pin&, Pin&> >::type& std::get<1u, Pin&, Pin&, Pin&, Pin&, Pin&, Pin&, Pin&, Pin&>(std::tuple<Pin&, Pin&, Pin&, Pin&, Pin&, Pin&, Pin&, Pin&>&)
 .text._ZSt12__get_helperILj1ER3PinJS1_S1_S1_S1_S1_S1_EERT0_RSt11_Tuple_implIXT_EJS2_DpT1_EE
                0x0000000008000ff0       0x1a build/main.o
                0x0000000008000ff0                Pin& std::__get_helper<1u, Pin&, Pin&, Pin&, Pin&, Pin&, Pin&, Pin&>(std::_Tuple_impl<1u, Pin&, Pin&, Pin&, Pin&, Pin&, Pin&, Pin&>&)
 .text._ZNSt11_Tuple_implILj1EJR3PinS1_S1_S1_S1_S1_S1_EE7_M_headERS2_
                0x000000000800100a       0x1c build/main.o
                0x000000000800100a                std::_Tuple_impl<1u, Pin&, Pin&, Pin&, Pin&, Pin&, Pin&, Pin&>::_M_head(std::_Tuple_impl<1u, Pin&, Pin&, Pin&, Pin&, Pin&, Pin&, Pin&>&)
 .text._ZNSt10_Head_baseILj1ER3PinLb0EE7_M_headERS2_
                0x0000000008001026       0x14 build/main.o
                0x0000000008001026                std::_Head_base<1u, Pin&, false>::_M_head(std::_Head_base<1u, Pin&, false>&)
 .text._ZSt3getILj1EJR3PinS1_S1_S1_S1_S1_S1_S1_EEONSt13tuple_elementIXT_ESt5tupleIJDpT0_EEE4typeEOS6_
                0x000000000800103a       0x22 build/main.o
                0x000000000800103a                std::tuple_element<1u, std::tuple<Pin&, Pin&, Pin&, Pin&, Pin&, Pin&, Pin&, Pin&> >::type&& std::get<1u, Pin&, Pin&, Pin&, Pin&, Pin&, Pin&, Pin&, Pin&>(std::tuple<Pin&, Pin&, Pin&, Pin&, Pin&, Pin&, Pin&, Pin&>&&)
 .text._ZSt3getILj2EJR3PinS1_S1_S1_S1_S1_S1_S1_EERNSt13tuple_elementIXT_ESt5tupleIJDpT0_EEE4typeERS6_
                0x000000000800105c       0x1a build/main.o
                0x000000000800105c                std::tuple_element<2u, std::tuple<Pin&, Pin&, Pin&, Pin&, Pin&, Pin&, Pin&, Pin&> >::type& std::get<2u, Pin&, Pin&, Pin&, Pin&, Pin&, Pin&, Pin&, Pin&>(std::tuple<Pin&, Pin&, Pin&, Pin&, Pin&, Pin&, Pin&, Pin&>&)
 .text._ZSt12__get_helperILj2ER3PinJS1_S1_S1_S1_S1_EERT0_RSt11_Tuple_implIXT_EJS2_DpT1_EE
                0x0000000008001076       0x1a build/main.o
                0x0000000008001076                Pin& std::__get_helper<2u, Pin&, Pin&, Pin&, Pin&, Pin&, Pin&>(std::_Tuple_impl<2u, Pin&, Pin&, Pin&, Pin&, Pin&, Pin&>&)
 .text._ZNSt11_Tuple_implILj2EJR3PinS1_S1_S1_S1_S1_EE7_M_headERS2_
                0x0000000008001090       0x1c build/main.o
                0x0000000008001090                std::_Tuple_impl<2u, Pin&, Pin&, Pin&, Pin&, Pin&, Pin&>::_M_head(std::_Tuple_impl<2u, Pin&, Pin&, Pin&, Pin&, Pin&, Pin&>&)
 .text._ZNSt10_Head_baseILj2ER3PinLb0EE7_M_headERS2_
                0x00000000080010ac       0x14 build/main.o
                0x00000000080010ac                std::_Head_base<2u, Pin&, false>::_M_head(std::_Head_base<2u, Pin&, false>&)
 .text._ZSt3getILj2EJR3PinS1_S1_S1_S1_S1_S1_S1_EEONSt13tuple_elementIXT_ESt5tupleIJDpT0_EEE4typeEOS6_
                0x00000000080010c0       0x22 build/main.o
                0x00000000080010c0                std::tuple_element<2u, std::tuple<Pin&, Pin&, Pin&, Pin&, Pin&, Pin&, Pin&, Pin&> >::type&& std::get<2u, Pin&, Pin&, Pin&, Pin&, Pin&, Pin&, Pin&, Pin&>(std::tuple<Pin&, Pin&, Pin&, Pin&, Pin&, Pin&, Pin&, Pin&>&&)
 .text._ZSt3getILj3EJR3PinS1_S1_S1_S1_S1_S1_S1_EERNSt13tuple_elementIXT_ESt5tupleIJDpT0_EEE4typeERS6_
                0x00000000080010e2       0x1a build/main.o
                0x00000000080010e2                std::tuple_element<3u, std::tuple<Pin&, Pin&, Pin&, Pin&, Pin&, Pin&, Pin&, Pin&> >::type& std::get<3u, Pin&, Pin&, Pin&, Pin&, Pin&, Pin&, Pin&, Pin&>(std::tuple<Pin&, Pin&, Pin&, Pin&, Pin&, Pin&, Pin&, Pin&>&)
 .text._ZSt12__get_helperILj3ER3PinJS1_S1_S1_S1_EERT0_RSt11_Tuple_implIXT_EJS2_DpT1_EE
                0x00000000080010fc       0x1a build/main.o
                0x00000000080010fc                Pin& std::__get_helper<3u, Pin&, Pin&, Pin&, Pin&, Pin&>(std::_Tuple_impl<3u, Pin&, Pin&, Pin&, Pin&, Pin&>&)
 .text._ZNSt11_Tuple_implILj3EJR3PinS1_S1_S1_S1_EE7_M_headERS2_
                0x0000000008001116       0x1c build/main.o
                0x0000000008001116                std::_Tuple_impl<3u, Pin&, Pin&, Pin&, Pin&, Pin&>::_M_head(std::_Tuple_impl<3u, Pin&, Pin&, Pin&, Pin&, Pin&>&)
 .text._ZNSt10_Head_baseILj3ER3PinLb0EE7_M_headERS2_
                0x0000000008001132       0x14 build/main.o
                0x0000000008001132                std::_Head_base<3u, Pin&, false>::_M_head(std::_Head_base<3u, Pin&, false>&)
 .text._ZSt3getILj3EJR3PinS1_S1_S1_S1_S1_S1_S1_EEONSt13tuple_elementIXT_ESt5tupleIJDpT0_EEE4typeEOS6_
                0x0000000008001146       0x22 build/main.o
                0x0000000008001146                std::tuple_element<3u, std::tuple<Pin&, Pin&, Pin&, Pin&, Pin&, Pin&, Pin&, Pin&> >::type&& std::get<3u, Pin&, Pin&, Pin&, Pin&, Pin&, Pin&, Pin&, Pin&>(std::tuple<Pin&, Pin&, Pin&, Pin&, Pin&, Pin&, Pin&, Pin&>&&)
 .text._ZSt3getILj4EJR3PinS1_S1_S1_S1_S1_S1_S1_EERNSt13tuple_elementIXT_ESt5tupleIJDpT0_EEE4typeERS6_
                0x0000000008001168       0x1a build/main.o
                0x0000000008001168                std::tuple_element<4u, std::tuple<Pin&, Pin&, Pin&, Pin&, Pin&, Pin&, Pin&, Pin&> >::type& std::get<4u, Pin&, Pin&, Pin&, Pin&, Pin&, Pin&, Pin&, Pin&>(std::tuple<Pin&, Pin&, Pin&, Pin&, Pin&, Pin&, Pin&, Pin&>&)
 .text._ZSt12__get_helperILj4ER3PinJS1_S1_S1_EERT0_RSt11_Tuple_implIXT_EJS2_DpT1_EE
                0x0000000008001182       0x1a build/main.o
                0x0000000008001182                Pin& std::__get_helper<4u, Pin&, Pin&, Pin&, Pin&>(std::_Tuple_impl<4u, Pin&, Pin&, Pin&, Pin&>&)
 .text._ZNSt11_Tuple_implILj4EJR3PinS1_S1_S1_EE7_M_headERS2_
                0x000000000800119c       0x1c build/main.o
                0x000000000800119c                std::_Tuple_impl<4u, Pin&, Pin&, Pin&, Pin&>::_M_head(std::_Tuple_impl<4u, Pin&, Pin&, Pin&, Pin&>&)
 .text._ZNSt10_Head_baseILj4ER3PinLb0EE7_M_headERS2_
                0x00000000080011b8       0x14 build/main.o
                0x00000000080011b8                std::_Head_base<4u, Pin&, false>::_M_head(std::_Head_base<4u, Pin&, false>&)
 .text._ZSt3getILj4EJR3PinS1_S1_S1_S1_S1_S1_S1_EEONSt13tuple_elementIXT_ESt5tupleIJDpT0_EEE4typeEOS6_
                0x00000000080011cc       0x22 build/main.o
                0x00000000080011cc                std::tuple_element<4u, std::tuple<Pin&, Pin&, Pin&, Pin&, Pin&, Pin&, Pin&, Pin&> >::type&& std::get<4u, Pin&, Pin&, Pin&, Pin&, Pin&, Pin&, Pin&, Pin&>(std::tuple<Pin&, Pin&, Pin&, Pin&, Pin&, Pin&, Pin&, Pin&>&&)
 .text._ZSt3getILj5EJR3PinS1_S1_S1_S1_S1_S1_S1_EERNSt13tuple_elementIXT_ESt5tupleIJDpT0_EEE4typeERS6_
                0x00000000080011ee       0x1a build/main.o
                0x00000000080011ee                std::tuple_element<5u, std::tuple<Pin&, Pin&, Pin&, Pin&, Pin&, Pin&, Pin&, Pin&> >::type& std::get<5u, Pin&, Pin&, Pin&, Pin&, Pin&, Pin&, Pin&, Pin&>(std::tuple<Pin&, Pin&, Pin&, Pin&, Pin&, Pin&, Pin&, Pin&>&)
 .text._ZSt12__get_helperILj5ER3PinJS1_S1_EERT0_RSt11_Tuple_implIXT_EJS2_DpT1_EE
                0x0000000008001208       0x1a build/main.o
                0x0000000008001208                Pin& std::__get_helper<5u, Pin&, Pin&, Pin&>(std::_Tuple_impl<5u, Pin&, Pin&, Pin&>&)
 .text._ZNSt11_Tuple_implILj5EJR3PinS1_S1_EE7_M_headERS2_
                0x0000000008001222       0x1c build/main.o
                0x0000000008001222                std::_Tuple_impl<5u, Pin&, Pin&, Pin&>::_M_head(std::_Tuple_impl<5u, Pin&, Pin&, Pin&>&)
 .text._ZNSt10_Head_baseILj5ER3PinLb0EE7_M_headERS2_
                0x000000000800123e       0x14 build/main.o
                0x000000000800123e                std::_Head_base<5u, Pin&, false>::_M_head(std::_Head_base<5u, Pin&, false>&)
 .text._ZSt3getILj5EJR3PinS1_S1_S1_S1_S1_S1_S1_EEONSt13tuple_elementIXT_ESt5tupleIJDpT0_EEE4typeEOS6_
                0x0000000008001252       0x22 build/main.o
                0x0000000008001252                std::tuple_element<5u, std::tuple<Pin&, Pin&, Pin&, Pin&, Pin&, Pin&, Pin&, Pin&> >::type&& std::get<5u, Pin&, Pin&, Pin&, Pin&, Pin&, Pin&, Pin&, Pin&>(std::tuple<Pin&, Pin&, Pin&, Pin&, Pin&, Pin&, Pin&, Pin&>&&)
 .text._ZSt3getILj6EJR3PinS1_S1_S1_S1_S1_S1_S1_EERNSt13tuple_elementIXT_ESt5tupleIJDpT0_EEE4typeERS6_
                0x0000000008001274       0x1a build/main.o
                0x0000000008001274                std::tuple_element<6u, std::tuple<Pin&, Pin&, Pin&, Pin&, Pin&, Pin&, Pin&, Pin&> >::type& std::get<6u, Pin&, Pin&, Pin&, Pin&, Pin&, Pin&, Pin&, Pin&>(std::tuple<Pin&, Pin&, Pin&, Pin&, Pin&, Pin&, Pin&, Pin&>&)
 .text._ZSt12__get_helperILj6ER3PinJS1_EERT0_RSt11_Tuple_implIXT_EJS2_DpT1_EE
                0x000000000800128e       0x1a build/main.o
                0x000000000800128e                Pin& std::__get_helper<6u, Pin&, Pin&>(std::_Tuple_impl<6u, Pin&, Pin&>&)
 .text._ZNSt11_Tuple_implILj6EJR3PinS1_EE7_M_headERS2_
                0x00000000080012a8       0x1c build/main.o
                0x00000000080012a8                std::_Tuple_impl<6u, Pin&, Pin&>::_M_head(std::_Tuple_impl<6u, Pin&, Pin&>&)
 .text._ZNSt10_Head_baseILj6ER3PinLb0EE7_M_headERS2_
                0x00000000080012c4       0x14 build/main.o
                0x00000000080012c4                std::_Head_base<6u, Pin&, false>::_M_head(std::_Head_base<6u, Pin&, false>&)
 .text._ZSt3getILj6EJR3PinS1_S1_S1_S1_S1_S1_S1_EEONSt13tuple_elementIXT_ESt5tupleIJDpT0_EEE4typeEOS6_
                0x00000000080012d8       0x22 build/main.o
                0x00000000080012d8                std::tuple_element<6u, std::tuple<Pin&, Pin&, Pin&, Pin&, Pin&, Pin&, Pin&, Pin&> >::type&& std::get<6u, Pin&, Pin&, Pin&, Pin&, Pin&, Pin&, Pin&, Pin&>(std::tuple<Pin&, Pin&, Pin&, Pin&, Pin&, Pin&, Pin&, Pin&>&&)
 .text._ZSt3getILj7EJR3PinS1_S1_S1_S1_S1_S1_S1_EERNSt13tuple_elementIXT_ESt5tupleIJDpT0_EEE4typeERS6_
                0x00000000080012fa       0x1a build/main.o
                0x00000000080012fa                std::tuple_element<7u, std::tuple<Pin&, Pin&, Pin&, Pin&, Pin&, Pin&, Pin&, Pin&> >::type& std::get<7u, Pin&, Pin&, Pin&, Pin&, Pin&, Pin&, Pin&, Pin&>(std::tuple<Pin&, Pin&, Pin&, Pin&, Pin&, Pin&, Pin&, Pin&>&)
 .text._ZSt12__get_helperILj7ER3PinJEERT0_RSt11_Tuple_implIXT_EJS2_DpT1_EE
                0x0000000008001314       0x1a build/main.o
                0x0000000008001314                Pin& std::__get_helper<7u, Pin&>(std::_Tuple_impl<7u, Pin&>&)
 .text._ZNSt11_Tuple_implILj7EJR3PinEE7_M_headERS2_
                0x000000000800132e       0x1a build/main.o
                0x000000000800132e                std::_Tuple_impl<7u, Pin&>::_M_head(std::_Tuple_impl<7u, Pin&>&)
 .text._ZNSt10_Head_baseILj7ER3PinLb0EE7_M_headERS2_
                0x0000000008001348       0x14 build/main.o
                0x0000000008001348                std::_Head_base<7u, Pin&, false>::_M_head(std::_Head_base<7u, Pin&, false>&)
 .text._ZSt3getILj7EJR3PinS1_S1_S1_S1_S1_S1_S1_EEONSt13tuple_elementIXT_ESt5tupleIJDpT0_EEE4typeEOS6_
                0x000000000800135c       0x22 build/main.o
                0x000000000800135c                std::tuple_element<7u, std::tuple<Pin&, Pin&, Pin&, Pin&, Pin&, Pin&, Pin&, Pin&> >::type&& std::get<7u, Pin&, Pin&, Pin&, Pin&, Pin&, Pin&, Pin&, Pin&>(std::tuple<Pin&, Pin&, Pin&, Pin&, Pin&, Pin&, Pin&, Pin&>&&)
 .text._ZSt3getILj0EJR3PinS1_S1_S1_S1_S1_S1_S1_S1_S1_EERNSt13tuple_elementIXT_ESt5tupleIJDpT0_EEE4typeERS6_
                0x000000000800137e       0x1a build/main.o
                0x000000000800137e                std::tuple_element<0u, std::tuple<Pin&, Pin&, Pin&, Pin&, Pin&, Pin&, Pin&, Pin&, Pin&, Pin&> >::type& std::get<0u, Pin&, Pin&, Pin&, Pin&, Pin&, Pin&, Pin&, Pin&, Pin&, Pin&>(std::tuple<Pin&, Pin&, Pin&, Pin&, Pin&, Pin&, Pin&, Pin&, Pin&, Pin&>&)
 .text._ZSt12__get_helperILj0ER3PinJS1_S1_S1_S1_S1_S1_S1_S1_S1_EERT0_RSt11_Tuple_implIXT_EJS2_DpT1_EE
                0x0000000008001398       0x1a build/main.o
                0x0000000008001398                Pin& std::__get_helper<0u, Pin&, Pin&, Pin&, Pin&, Pin&, Pin&, Pin&, Pin&, Pin&, Pin&>(std::_Tuple_impl<0u, Pin&, Pin&, Pin&, Pin&, Pin&, Pin&, Pin&, Pin&, Pin&, Pin&>&)
 .text._ZNSt11_Tuple_implILj0EJR3PinS1_S1_S1_S1_S1_S1_S1_S1_S1_EE7_M_headERS2_
                0x00000000080013b2       0x1c build/main.o
                0x00000000080013b2                std::_Tuple_impl<0u, Pin&, Pin&, Pin&, Pin&, Pin&, Pin&, Pin&, Pin&, Pin&, Pin&>::_M_head(std::_Tuple_impl<0u, Pin&, Pin&, Pin&, Pin&, Pin&, Pin&, Pin&, Pin&, Pin&, Pin&>&)
 .text._ZSt3getILj0EJR3PinS1_S1_S1_S1_S1_S1_S1_S1_S1_EEONSt13tuple_elementIXT_ESt5tupleIJDpT0_EEE4typeEOS6_
                0x00000000080013ce       0x22 build/main.o
                0x00000000080013ce                std::tuple_element<0u, std::tuple<Pin&, Pin&, Pin&, Pin&, Pin&, Pin&, Pin&, Pin&, Pin&, Pin&> >::type&& std::get<0u, Pin&, Pin&, Pin&, Pin&, Pin&, Pin&, Pin&, Pin&, Pin&, Pin&>(std::tuple<Pin&, Pin&, Pin&, Pin&, Pin&, Pin&, Pin&, Pin&, Pin&, Pin&>&&)
 .text._ZSt3getILj1EJR3PinS1_S1_S1_S1_S1_S1_S1_S1_S1_EERNSt13tuple_elementIXT_ESt5tupleIJDpT0_EEE4typeERS6_
                0x00000000080013f0       0x1a build/main.o
                0x00000000080013f0                std::tuple_element<1u, std::tuple<Pin&, Pin&, Pin&, Pin&, Pin&, Pin&, Pin&, Pin&, Pin&, Pin&> >::type& std::get<1u, Pin&, Pin&, Pin&, Pin&, Pin&, Pin&, Pin&, Pin&, Pin&, Pin&>(std::tuple<Pin&, Pin&, Pin&, Pin&, Pin&, Pin&, Pin&, Pin&, Pin&, Pin&>&)
 .text._ZSt12__get_helperILj1ER3PinJS1_S1_S1_S1_S1_S1_S1_S1_EERT0_RSt11_Tuple_implIXT_EJS2_DpT1_EE
                0x000000000800140a       0x1a build/main.o
                0x000000000800140a                Pin& std::__get_helper<1u, Pin&, Pin&, Pin&, Pin&, Pin&, Pin&, Pin&, Pin&, Pin&>(std::_Tuple_impl<1u, Pin&, Pin&, Pin&, Pin&, Pin&, Pin&, Pin&, Pin&, Pin&>&)
 .text._ZNSt11_Tuple_implILj1EJR3PinS1_S1_S1_S1_S1_S1_S1_S1_EE7_M_headERS2_
                0x0000000008001424       0x1c build/main.o
                0x0000000008001424                std::_Tuple_impl<1u, Pin&, Pin&, Pin&, Pin&, Pin&, Pin&, Pin&, Pin&, Pin&>::_M_head(std::_Tuple_impl<1u, Pin&, Pin&, Pin&, Pin&, Pin&, Pin&, Pin&, Pin&, Pin&>&)
 .text._ZSt3getILj1EJR3PinS1_S1_S1_S1_S1_S1_S1_S1_S1_EEONSt13tuple_elementIXT_ESt5tupleIJDpT0_EEE4typeEOS6_
                0x0000000008001440       0x22 build/main.o
                0x0000000008001440                std::tuple_element<1u, std::tuple<Pin&, Pin&, Pin&, Pin&, Pin&, Pin&, Pin&, Pin&, Pin&, Pin&> >::type&& std::get<1u, Pin&, Pin&, Pin&, Pin&, Pin&, Pin&, Pin&, Pin&, Pin&, Pin&>(std::tuple<Pin&, Pin&, Pin&, Pin&, Pin&, Pin&, Pin&, Pin&, Pin&, Pin&>&&)
 .text._ZSt3getILj2EJR3PinS1_S1_S1_S1_S1_S1_S1_S1_S1_EERNSt13tuple_elementIXT_ESt5tupleIJDpT0_EEE4typeERS6_
                0x0000000008001462       0x1a build/main.o
                0x0000000008001462                std::tuple_element<2u, std::tuple<Pin&, Pin&, Pin&, Pin&, Pin&, Pin&, Pin&, Pin&, Pin&, Pin&> >::type& std::get<2u, Pin&, Pin&, Pin&, Pin&, Pin&, Pin&, Pin&, Pin&, Pin&, Pin&>(std::tuple<Pin&, Pin&, Pin&, Pin&, Pin&, Pin&, Pin&, Pin&, Pin&, Pin&>&)
 .text._ZSt12__get_helperILj2ER3PinJS1_S1_S1_S1_S1_S1_S1_EERT0_RSt11_Tuple_implIXT_EJS2_DpT1_EE
                0x000000000800147c       0x1a build/main.o
                0x000000000800147c                Pin& std::__get_helper<2u, Pin&, Pin&, Pin&, Pin&, Pin&, Pin&, Pin&, Pin&>(std::_Tuple_impl<2u, Pin&, Pin&, Pin&, Pin&, Pin&, Pin&, Pin&, Pin&>&)
 .text._ZNSt11_Tuple_implILj2EJR3PinS1_S1_S1_S1_S1_S1_S1_EE7_M_headERS2_
                0x0000000008001496       0x1c build/main.o
                0x0000000008001496                std::_Tuple_impl<2u, Pin&, Pin&, Pin&, Pin&, Pin&, Pin&, Pin&, Pin&>::_M_head(std::_Tuple_impl<2u, Pin&, Pin&, Pin&, Pin&, Pin&, Pin&, Pin&, Pin&>&)
 .text._ZSt3getILj2EJR3PinS1_S1_S1_S1_S1_S1_S1_S1_S1_EEONSt13tuple_elementIXT_ESt5tupleIJDpT0_EEE4typeEOS6_
                0x00000000080014b2       0x22 build/main.o
                0x00000000080014b2                std::tuple_element<2u, std::tuple<Pin&, Pin&, Pin&, Pin&, Pin&, Pin&, Pin&, Pin&, Pin&, Pin&> >::type&& std::get<2u, Pin&, Pin&, Pin&, Pin&, Pin&, Pin&, Pin&, Pin&, Pin&, Pin&>(std::tuple<Pin&, Pin&, Pin&, Pin&, Pin&, Pin&, Pin&, Pin&, Pin&, Pin&>&&)
 .text._ZSt3getILj3EJR3PinS1_S1_S1_S1_S1_S1_S1_S1_S1_EERNSt13tuple_elementIXT_ESt5tupleIJDpT0_EEE4typeERS6_
                0x00000000080014d4       0x1a build/main.o
                0x00000000080014d4                std::tuple_element<3u, std::tuple<Pin&, Pin&, Pin&, Pin&, Pin&, Pin&, Pin&, Pin&, Pin&, Pin&> >::type& std::get<3u, Pin&, Pin&, Pin&, Pin&, Pin&, Pin&, Pin&, Pin&, Pin&, Pin&>(std::tuple<Pin&, Pin&, Pin&, Pin&, Pin&, Pin&, Pin&, Pin&, Pin&, Pin&>&)
 .text._ZSt12__get_helperILj3ER3PinJS1_S1_S1_S1_S1_S1_EERT0_RSt11_Tuple_implIXT_EJS2_DpT1_EE
                0x00000000080014ee       0x1a build/main.o
                0x00000000080014ee                Pin& std::__get_helper<3u, Pin&, Pin&, Pin&, Pin&, Pin&, Pin&, Pin&>(std::_Tuple_impl<3u, Pin&, Pin&, Pin&, Pin&, Pin&, Pin&, Pin&>&)
 .text._ZNSt11_Tuple_implILj3EJR3PinS1_S1_S1_S1_S1_S1_EE7_M_headERS2_
                0x0000000008001508       0x1c build/main.o
                0x0000000008001508                std::_Tuple_impl<3u, Pin&, Pin&, Pin&, Pin&, Pin&, Pin&, Pin&>::_M_head(std::_Tuple_impl<3u, Pin&, Pin&, Pin&, Pin&, Pin&, Pin&, Pin&>&)
 .text._ZSt3getILj3EJR3PinS1_S1_S1_S1_S1_S1_S1_S1_S1_EEONSt13tuple_elementIXT_ESt5tupleIJDpT0_EEE4typeEOS6_
                0x0000000008001524       0x22 build/main.o
                0x0000000008001524                std::tuple_element<3u, std::tuple<Pin&, Pin&, Pin&, Pin&, Pin&, Pin&, Pin&, Pin&, Pin&, Pin&> >::type&& std::get<3u, Pin&, Pin&, Pin&, Pin&, Pin&, Pin&, Pin&, Pin&, Pin&, Pin&>(std::tuple<Pin&, Pin&, Pin&, Pin&, Pin&, Pin&, Pin&, Pin&, Pin&, Pin&>&&)
 .text._ZSt3getILj4EJR3PinS1_S1_S1_S1_S1_S1_S1_S1_S1_EERNSt13tuple_elementIXT_ESt5tupleIJDpT0_EEE4typeERS6_
                0x0000000008001546       0x1a build/main.o
                0x0000000008001546                std::tuple_element<4u, std::tuple<Pin&, Pin&, Pin&, Pin&, Pin&, Pin&, Pin&, Pin&, Pin&, Pin&> >::type& std::get<4u, Pin&, Pin&, Pin&, Pin&, Pin&, Pin&, Pin&, Pin&, Pin&, Pin&>(std::tuple<Pin&, Pin&, Pin&, Pin&, Pin&, Pin&, Pin&, Pin&, Pin&, Pin&>&)
 .text._ZSt12__get_helperILj4ER3PinJS1_S1_S1_S1_S1_EERT0_RSt11_Tuple_implIXT_EJS2_DpT1_EE
                0x0000000008001560       0x1a build/main.o
                0x0000000008001560                Pin& std::__get_helper<4u, Pin&, Pin&, Pin&, Pin&, Pin&, Pin&>(std::_Tuple_impl<4u, Pin&, Pin&, Pin&, Pin&, Pin&, Pin&>&)
 .text._ZNSt11_Tuple_implILj4EJR3PinS1_S1_S1_S1_S1_EE7_M_headERS2_
                0x000000000800157a       0x1c build/main.o
                0x000000000800157a                std::_Tuple_impl<4u, Pin&, Pin&, Pin&, Pin&, Pin&, Pin&>::_M_head(std::_Tuple_impl<4u, Pin&, Pin&, Pin&, Pin&, Pin&, Pin&>&)
 .text._ZSt3getILj4EJR3PinS1_S1_S1_S1_S1_S1_S1_S1_S1_EEONSt13tuple_elementIXT_ESt5tupleIJDpT0_EEE4typeEOS6_
                0x0000000008001596       0x22 build/main.o
                0x0000000008001596                std::tuple_element<4u, std::tuple<Pin&, Pin&, Pin&, Pin&, Pin&, Pin&, Pin&, Pin&, Pin&, Pin&> >::type&& std::get<4u, Pin&, Pin&, Pin&, Pin&, Pin&, Pin&, Pin&, Pin&, Pin&, Pin&>(std::tuple<Pin&, Pin&, Pin&, Pin&, Pin&, Pin&, Pin&, Pin&, Pin&, Pin&>&&)
 .text._ZSt3getILj5EJR3PinS1_S1_S1_S1_S1_S1_S1_S1_S1_EERNSt13tuple_elementIXT_ESt5tupleIJDpT0_EEE4typeERS6_
                0x00000000080015b8       0x1a build/main.o
                0x00000000080015b8                std::tuple_element<5u, std::tuple<Pin&, Pin&, Pin&, Pin&, Pin&, Pin&, Pin&, Pin&, Pin&, Pin&> >::type& std::get<5u, Pin&, Pin&, Pin&, Pin&, Pin&, Pin&, Pin&, Pin&, Pin&, Pin&>(std::tuple<Pin&, Pin&, Pin&, Pin&, Pin&, Pin&, Pin&, Pin&, Pin&, Pin&>&)
 .text._ZSt12__get_helperILj5ER3PinJS1_S1_S1_S1_EERT0_RSt11_Tuple_implIXT_EJS2_DpT1_EE
                0x00000000080015d2       0x1a build/main.o
                0x00000000080015d2                Pin& std::__get_helper<5u, Pin&, Pin&, Pin&, Pin&, Pin&>(std::_Tuple_impl<5u, Pin&, Pin&, Pin&, Pin&, Pin&>&)
 .text._ZNSt11_Tuple_implILj5EJR3PinS1_S1_S1_S1_EE7_M_headERS2_
                0x00000000080015ec       0x1c build/main.o
                0x00000000080015ec                std::_Tuple_impl<5u, Pin&, Pin&, Pin&, Pin&, Pin&>::_M_head(std::_Tuple_impl<5u, Pin&, Pin&, Pin&, Pin&, Pin&>&)
 .text._ZSt3getILj5EJR3PinS1_S1_S1_S1_S1_S1_S1_S1_S1_EEONSt13tuple_elementIXT_ESt5tupleIJDpT0_EEE4typeEOS6_
                0x0000000008001608       0x22 build/main.o
                0x0000000008001608                std::tuple_element<5u, std::tuple<Pin&, Pin&, Pin&, Pin&, Pin&, Pin&, Pin&, Pin&, Pin&, Pin&> >::type&& std::get<5u, Pin&, Pin&, Pin&, Pin&, Pin&, Pin&, Pin&, Pin&, Pin&, Pin&>(std::tuple<Pin&, Pin&, Pin&, Pin&, Pin&, Pin&, Pin&, Pin&, Pin&, Pin&>&&)
 .text._ZSt3getILj6EJR3PinS1_S1_S1_S1_S1_S1_S1_S1_S1_EERNSt13tuple_elementIXT_ESt5tupleIJDpT0_EEE4typeERS6_
                0x000000000800162a       0x1a build/main.o
                0x000000000800162a                std::tuple_element<6u, std::tuple<Pin&, Pin&, Pin&, Pin&, Pin&, Pin&, Pin&, Pin&, Pin&, Pin&> >::type& std::get<6u, Pin&, Pin&, Pin&, Pin&, Pin&, Pin&, Pin&, Pin&, Pin&, Pin&>(std::tuple<Pin&, Pin&, Pin&, Pin&, Pin&, Pin&, Pin&, Pin&, Pin&, Pin&>&)
 .text._ZSt12__get_helperILj6ER3PinJS1_S1_S1_EERT0_RSt11_Tuple_implIXT_EJS2_DpT1_EE
                0x0000000008001644       0x1a build/main.o
                0x0000000008001644                Pin& std::__get_helper<6u, Pin&, Pin&, Pin&, Pin&>(std::_Tuple_impl<6u, Pin&, Pin&, Pin&, Pin&>&)
 .text._ZNSt11_Tuple_implILj6EJR3PinS1_S1_S1_EE7_M_headERS2_
                0x000000000800165e       0x1c build/main.o
                0x000000000800165e                std::_Tuple_impl<6u, Pin&, Pin&, Pin&, Pin&>::_M_head(std::_Tuple_impl<6u, Pin&, Pin&, Pin&, Pin&>&)
 .text._ZSt3getILj6EJR3PinS1_S1_S1_S1_S1_S1_S1_S1_S1_EEONSt13tuple_elementIXT_ESt5tupleIJDpT0_EEE4typeEOS6_
                0x000000000800167a       0x22 build/main.o
                0x000000000800167a                std::tuple_element<6u, std::tuple<Pin&, Pin&, Pin&, Pin&, Pin&, Pin&, Pin&, Pin&, Pin&, Pin&> >::type&& std::get<6u, Pin&, Pin&, Pin&, Pin&, Pin&, Pin&, Pin&, Pin&, Pin&, Pin&>(std::tuple<Pin&, Pin&, Pin&, Pin&, Pin&, Pin&, Pin&, Pin&, Pin&, Pin&>&&)
 .text._ZSt3getILj7EJR3PinS1_S1_S1_S1_S1_S1_S1_S1_S1_EERNSt13tuple_elementIXT_ESt5tupleIJDpT0_EEE4typeERS6_
                0x000000000800169c       0x1a build/main.o
                0x000000000800169c                std::tuple_element<7u, std::tuple<Pin&, Pin&, Pin&, Pin&, Pin&, Pin&, Pin&, Pin&, Pin&, Pin&> >::type& std::get<7u, Pin&, Pin&, Pin&, Pin&, Pin&, Pin&, Pin&, Pin&, Pin&, Pin&>(std::tuple<Pin&, Pin&, Pin&, Pin&, Pin&, Pin&, Pin&, Pin&, Pin&, Pin&>&)
 .text._ZSt12__get_helperILj7ER3PinJS1_S1_EERT0_RSt11_Tuple_implIXT_EJS2_DpT1_EE
                0x00000000080016b6       0x1a build/main.o
                0x00000000080016b6                Pin& std::__get_helper<7u, Pin&, Pin&, Pin&>(std::_Tuple_impl<7u, Pin&, Pin&, Pin&>&)
 .text._ZNSt11_Tuple_implILj7EJR3PinS1_S1_EE7_M_headERS2_
                0x00000000080016d0       0x1c build/main.o
                0x00000000080016d0                std::_Tuple_impl<7u, Pin&, Pin&, Pin&>::_M_head(std::_Tuple_impl<7u, Pin&, Pin&, Pin&>&)
 .text._ZSt3getILj7EJR3PinS1_S1_S1_S1_S1_S1_S1_S1_S1_EEONSt13tuple_elementIXT_ESt5tupleIJDpT0_EEE4typeEOS6_
                0x00000000080016ec       0x22 build/main.o
                0x00000000080016ec                std::tuple_element<7u, std::tuple<Pin&, Pin&, Pin&, Pin&, Pin&, Pin&, Pin&, Pin&, Pin&, Pin&> >::type&& std::get<7u, Pin&, Pin&, Pin&, Pin&, Pin&, Pin&, Pin&, Pin&, Pin&, Pin&>(std::tuple<Pin&, Pin&, Pin&, Pin&, Pin&, Pin&, Pin&, Pin&, Pin&, Pin&>&&)
 .text._ZSt3getILj8EJR3PinS1_S1_S1_S1_S1_S1_S1_S1_S1_EERNSt13tuple_elementIXT_ESt5tupleIJDpT0_EEE4typeERS6_
                0x000000000800170e       0x1a build/main.o
                0x000000000800170e                std::tuple_element<8u, std::tuple<Pin&, Pin&, Pin&, Pin&, Pin&, Pin&, Pin&, Pin&, Pin&, Pin&> >::type& std::get<8u, Pin&, Pin&, Pin&, Pin&, Pin&, Pin&, Pin&, Pin&, Pin&, Pin&>(std::tuple<Pin&, Pin&, Pin&, Pin&, Pin&, Pin&, Pin&, Pin&, Pin&, Pin&>&)
 .text._ZSt12__get_helperILj8ER3PinJS1_EERT0_RSt11_Tuple_implIXT_EJS2_DpT1_EE
                0x0000000008001728       0x1a build/main.o
                0x0000000008001728                Pin& std::__get_helper<8u, Pin&, Pin&>(std::_Tuple_impl<8u, Pin&, Pin&>&)
 .text._ZNSt11_Tuple_implILj8EJR3PinS1_EE7_M_headERS2_
                0x0000000008001742       0x1c build/main.o
                0x0000000008001742                std::_Tuple_impl<8u, Pin&, Pin&>::_M_head(std::_Tuple_impl<8u, Pin&, Pin&>&)
 .text._ZNSt10_Head_baseILj8ER3PinLb0EE7_M_headERS2_
                0x000000000800175e       0x14 build/main.o
                0x000000000800175e                std::_Head_base<8u, Pin&, false>::_M_head(std::_Head_base<8u, Pin&, false>&)
 .text._ZSt3getILj8EJR3PinS1_S1_S1_S1_S1_S1_S1_S1_S1_EEONSt13tuple_elementIXT_ESt5tupleIJDpT0_EEE4typeEOS6_
                0x0000000008001772       0x22 build/main.o
                0x0000000008001772                std::tuple_element<8u, std::tuple<Pin&, Pin&, Pin&, Pin&, Pin&, Pin&, Pin&, Pin&, Pin&, Pin&> >::type&& std::get<8u, Pin&, Pin&, Pin&, Pin&, Pin&, Pin&, Pin&, Pin&, Pin&, Pin&>(std::tuple<Pin&, Pin&, Pin&, Pin&, Pin&, Pin&, Pin&, Pin&, Pin&, Pin&>&&)
 .text._ZSt3getILj9EJR3PinS1_S1_S1_S1_S1_S1_S1_S1_S1_EERNSt13tuple_elementIXT_ESt5tupleIJDpT0_EEE4typeERS6_
                0x0000000008001794       0x1a build/main.o
                0x0000000008001794                std::tuple_element<9u, std::tuple<Pin&, Pin&, Pin&, Pin&, Pin&, Pin&, Pin&, Pin&, Pin&, Pin&> >::type& std::get<9u, Pin&, Pin&, Pin&, Pin&, Pin&, Pin&, Pin&, Pin&, Pin&, Pin&>(std::tuple<Pin&, Pin&, Pin&, Pin&, Pin&, Pin&, Pin&, Pin&, Pin&, Pin&>&)
 .text._ZSt12__get_helperILj9ER3PinJEERT0_RSt11_Tuple_implIXT_EJS2_DpT1_EE
                0x00000000080017ae       0x1a build/main.o
                0x00000000080017ae                Pin& std::__get_helper<9u, Pin&>(std::_Tuple_impl<9u, Pin&>&)
 .text._ZNSt11_Tuple_implILj9EJR3PinEE7_M_headERS2_
                0x00000000080017c8       0x1a build/main.o
                0x00000000080017c8                std::_Tuple_impl<9u, Pin&>::_M_head(std::_Tuple_impl<9u, Pin&>&)
 .text._ZNSt10_Head_baseILj9ER3PinLb0EE7_M_headERS2_
                0x00000000080017e2       0x14 build/main.o
                0x00000000080017e2                std::_Head_base<9u, Pin&, false>::_M_head(std::_Head_base<9u, Pin&, false>&)
 .text._ZSt3getILj9EJR3PinS1_S1_S1_S1_S1_S1_S1_S1_S1_EEONSt13tuple_elementIXT_ESt5tupleIJDpT0_EEE4typeEOS6_
                0x00000000080017f6       0x22 build/main.o
                0x00000000080017f6                std::tuple_element<9u, std::tuple<Pin&, Pin&, Pin&, Pin&, Pin&, Pin&, Pin&, Pin&, Pin&, Pin&> >::type&& std::get<9u, Pin&, Pin&, Pin&, Pin&, Pin&, Pin&, Pin&, Pin&, Pin&, Pin&>(std::tuple<Pin&, Pin&, Pin&, Pin&, Pin&, Pin&, Pin&, Pin&, Pin&, Pin&>&&)
 .text._ZN3Pin4makeIN3mcu4Pin_ILNS1_6PeriphE1ELi2EEELNS1_7PinModeE4EEERDav
                0x0000000008001818       0x4c build/main.o
                0x0000000008001818                auto& Pin::make<mcu::Pin_<(mcu::Periph)1, 2>, (mcu::PinMode)4>()
 .text._ZN3Pin4makeIN3mcu4Pin_ILNS1_6PeriphE1ELi3EEELNS1_7PinModeE4EEERDav
                0x0000000008001864       0x4c build/main.o
                0x0000000008001864                auto& Pin::make<mcu::Pin_<(mcu::Periph)1, 3>, (mcu::PinMode)4>()
 .text._ZN3Pin4makeIN3mcu4Pin_ILNS1_6PeriphE1ELi1EEELNS1_7PinModeE1EEERDav
                0x00000000080018b0       0x4c build/main.o
                0x00000000080018b0                auto& Pin::make<mcu::Pin_<(mcu::Periph)1, 1>, (mcu::PinMode)1>()
 .text._ZN3mcu10DMA_stream7channelILNS_6PeriphE6ELS2_9EEENS_3DMA7ChannelEv
                0x00000000080018fc        0xc build/main.o
                0x00000000080018fc                mcu::DMA::Channel mcu::DMA_stream::channel<(mcu::Periph)6, (mcu::Periph)9>()
 .text._Z13get_interruptILN3mcu6PeriphE6EERDav
                0x0000000008001908       0x10 build/main.o
                0x0000000008001908                auto& get_interrupt<(mcu::Periph)6>()
 .text._ZN10Net_bufferILj255EE4baseEv
                0x0000000008001918       0x12 build/main.o
                0x0000000008001918                Net_buffer<255u>::base()
 .text._ZN10Net_bufferILj255EE5beginEv
                0x000000000800192a       0x2c build/main.o
                0x000000000800192a                Net_buffer<255u>::begin()
 *fill*         0x0000000008001956        0x2 
 .text._Z13get_interruptILN3mcu6PeriphE9EERDav
                0x0000000008001958       0x10 build/main.o
                0x0000000008001958                auto& get_interrupt<(mcu::Periph)9>()
 .text._ZN10UART_sizedILj255EE4makeILN3mcu6PeriphE6ENS2_4Pin_ILS3_1ELi2EEENS4_ILS3_1ELi3EEENS4_ILS3_1ELi1EEEEERDav
                0x0000000008001968      0x1b8 build/main.o
                0x0000000008001968                auto& UART_sized<255u>::make<(mcu::Periph)6, mcu::Pin_<(mcu::Periph)1, 2>, mcu::Pin_<(mcu::Periph)1, 3>, mcu::Pin_<(mcu::Periph)1, 1> >()
 .text._ZN12Modbus_slaveIZ4mainE7In_regsZ4mainE8Out_regsE4makeILN3mcu6PeriphE6ENS4_4Pin_ILS5_1ELi2EEENS6_ILS5_1ELi3EEENS6_ILS5_1ELi1EEEEERDahN10UART_sizedILj255EE8SettingsE
                0x0000000008001b20       0xbc build/main.o
 .text._ZZ4mainENKUltE_clEt
                0x0000000008001bdc      0x18c build/main.o
 .text.main     0x0000000008001d68      0x3b0 build/main.o
                0x0000000008001d68                main
 .text._ZN4ListI10SubscriberE9push_backERS0_
                0x0000000008002118       0x3e build/main.o
                0x0000000008002118                List<Subscriber>::push_back(Subscriber&)
 .text._ZN4ListI10SubscriberE6removeERS0_
                0x0000000008002156       0xa0 build/main.o
                0x0000000008002156                List<Subscriber>::remove(Subscriber&)
 .text._ZN4ListI10SubscriberE5beginEv
                0x00000000080021f6       0x22 build/main.o
                0x00000000080021f6                List<Subscriber>::begin()
 .text._ZN4ListI10SubscriberE8IteratorC2Ev
                0x0000000008002218       0x18 build/main.o
                0x0000000008002218                List<Subscriber>::Iterator::Iterator()
                0x0000000008002218                List<Subscriber>::Iterator::Iterator()
 .text._ZN4ListI10SubscriberE3endEv
                0x0000000008002230       0x20 build/main.o
                0x0000000008002230                List<Subscriber>::end()
 .text._ZNK4ListI10SubscriberE8IteratorneERKS2_
                0x0000000008002250       0x22 build/main.o
                0x0000000008002250                List<Subscriber>::Iterator::operator!=(List<Subscriber>::Iterator const&) const
 .text._ZN4ListI10SubscriberE8IteratorppEv
                0x0000000008002272       0x1c build/main.o
                0x0000000008002272                List<Subscriber>::Iterator::operator++()
 .text._ZNK4ListI10SubscriberE8IteratordeEv
                0x000000000800228e       0x14 build/main.o
                0x000000000800228e                List<Subscriber>::Iterator::operator*() const
 *fill*         0x00000000080022a2        0x2 
 .text._ZN3mcu14make_referenceILNS_6PeriphE13EEENSt9enable_ifIXeqT_LS1_13EERNS_7SysTickEE4typeEv
                0x00000000080022a4       0x10 build/main.o
                0x00000000080022a4                std::enable_if<((mcu::Periph)13)==((mcu::Periph)13), mcu::SysTick&>::type mcu::make_reference<(mcu::Periph)13>()
 .text._ZN3mcu7SysTick13initInterruptILt1EEEvv
                0x00000000080022b4       0x48 build/main.o
                0x00000000080022b4                void mcu::SysTick::initInterrupt<(unsigned short)1>()
 .text._ZN3mcu14make_referenceILNS_6PeriphE0EEENSt9enable_ifIXeqT_LS1_0EERNS_3RCCEE4typeEv
                0x00000000080022fc       0x10 build/main.o
                0x00000000080022fc                std::enable_if<((mcu::Periph)0)==((mcu::Periph)0), mcu::RCC&>::type mcu::make_reference<(mcu::Periph)0>()
 .text._ZN3mcu14make_referenceILNS_6PeriphE7EEENSt9enable_ifIXeqT_LS1_7EERNS_3DMAEE4typeEv
                0x000000000800230c       0x1c build/main.o
                0x000000000800230c                std::enable_if<((mcu::Periph)7)==((mcu::Periph)7), mcu::DMA&>::type mcu::make_reference<(mcu::Periph)7>()
 .text._ZN3mcu14make_referenceILNS_6PeriphE6EEENSt9enable_ifIXeqT_LS1_6EERNS_5USARTEE4typeEv
                0x0000000008002328       0x10 build/main.o
                0x0000000008002328                std::enable_if<((mcu::Periph)6)==((mcu::Periph)6), mcu::USART&>::type mcu::make_reference<(mcu::Periph)6>()
 .text._Z10init_clockILj8000000ELj48000000EENSt9enable_ifIXaaeqT_clL_Zli4_MHzyELy8EEeqT0_clL_Zli4_MHzyELy48EEEvE4typeEv
                0x0000000008002338       0x60 build/main.o
                0x0000000008002338                std::enable_if<((8000000u)==((operator"" _MHz)(8ull)))&&((48000000u)==((operator"" _MHz)(48ull))), void>::type init_clock<8000000u, 48000000u>()
 .text._ZN3Pin4makeIN3mcu4Pin_ILNS1_6PeriphE2ELi0EEELNS1_7PinModeE1EEERDav
                0x0000000008002398       0x4c build/main.o
                0x0000000008002398                auto& Pin::make<mcu::Pin_<(mcu::Periph)2, 0>, (mcu::PinMode)1>()
 .text._ZN3Pin4makeIN3mcu4Pin_ILNS1_6PeriphE1ELi7EEELNS1_7PinModeE1EEERDav
                0x00000000080023e4       0x4c build/main.o
                0x00000000080023e4                auto& Pin::make<mcu::Pin_<(mcu::Periph)1, 7>, (mcu::PinMode)1>()
 .text._ZN3Pin4makeIN3mcu4Pin_ILNS1_6PeriphE1ELi6EEELNS1_7PinModeE1EEERDav
                0x0000000008002430       0x4c build/main.o
                0x0000000008002430                auto& Pin::make<mcu::Pin_<(mcu::Periph)1, 6>, (mcu::PinMode)1>()
 .text._ZN3Pin4makeIN3mcu4Pin_ILNS1_6PeriphE1ELi5EEELNS1_7PinModeE1EEERDav
                0x000000000800247c       0x4c build/main.o
                0x000000000800247c                auto& Pin::make<mcu::Pin_<(mcu::Periph)1, 5>, (mcu::PinMode)1>()
 .text._ZN3Pin4makeIN3mcu4Pin_ILNS1_6PeriphE2ELi5EEELNS1_7PinModeE1EEERDav
                0x00000000080024c8       0x4c build/main.o
                0x00000000080024c8                auto& Pin::make<mcu::Pin_<(mcu::Periph)2, 5>, (mcu::PinMode)1>()
 .text._ZN3Pin4makeIN3mcu4Pin_ILNS1_6PeriphE2ELi4EEELNS1_7PinModeE1EEERDav
                0x0000000008002514       0x4c build/main.o
                0x0000000008002514                auto& Pin::make<mcu::Pin_<(mcu::Periph)2, 4>, (mcu::PinMode)1>()
 .text._ZN3Pin4makeIN3mcu4Pin_ILNS1_6PeriphE2ELi3EEELNS1_7PinModeE1EEERDav
                0x0000000008002560       0x4c build/main.o
                0x0000000008002560                auto& Pin::make<mcu::Pin_<(mcu::Periph)2, 3>, (mcu::PinMode)1>()
 .text._ZN3Pin4makeIN3mcu4Pin_ILNS1_6PeriphE1ELi15EEELNS1_7PinModeE1EEERDav
                0x00000000080025ac       0x4c build/main.o
                0x00000000080025ac                auto& Pin::make<mcu::Pin_<(mcu::Periph)1, 15>, (mcu::PinMode)1>()
 .text._Z9make_pinsILN3mcu7PinModeE1EJNS0_4Pin_ILNS0_6PeriphE2ELi0EEENS2_ILS3_1ELi7EEENS2_ILS3_1ELi6EEENS2_ILS3_1ELi5EEENS2_ILS3_2ELi5EEENS2_ILS3_2ELi4EEENS2_ILS3_2ELi3EEENS2_ILS3_1ELi15EEEEEN4meta19tuple_generate_implIR3PinNSt22_Make_integer_sequenceIjXsZT0_ENSt18_Build_index_tupleIXsZT0_EE6__typeEE6__typeEE4typeEv
                0x00000000080025f8       0x60 build/main.o
                0x00000000080025f8                meta::tuple_generate_impl<Pin&, std::_Make_integer_sequence<unsigned int, 8, std::_Build_index_tuple<8>::__type>::__type>::type make_pins<(mcu::PinMode)1, mcu::Pin_<(mcu::Periph)2, 0>, mcu::Pin_<(mcu::Periph)1, 7>, mcu::Pin_<(mcu::Periph)1, 6>, mcu::Pin_<(mcu::Periph)1, 5>, mcu::Pin_<(mcu::Periph)2, 5>, mcu::Pin_<(mcu::Periph)2, 4>, mcu::Pin_<(mcu::Periph)2, 3>, mcu::Pin_<(mcu::Periph)1, 15> >()
                0x00000000080025f8                meta::tuple_generate_impl<Pin&, std::_Make_integer_sequence<unsigned int, sizeof (mcu::Pin_<(mcu::Periph)2, 0>, mcu::Pin_<(mcu::Periph)1, 7>, mcu::Pin_<(mcu::Periph)1, 6>, mcu::Pin_<(mcu::Periph)1, 5>, mcu::Pin_<(mcu::Periph)2, 5>, mcu::Pin_<(mcu::Periph)2, 4>, mcu::Pin_<(mcu::Periph)2, 3>, mcu::Pin_<(mcu::Periph)1, 15>), std::_Build_index_tuple<sizeof (mcu::Pin_<(mcu::Periph)2, 0>, mcu::Pin_<(mcu::Periph)1, 7>, mcu::Pin_<(mcu::Periph)1, 6>, mcu::Pin_<(mcu::Periph)1, 5>, mcu::Pin_<(mcu::Periph)2, 5>, mcu::Pin_<(mcu::Periph)2, 4>, mcu::Pin_<(mcu::Periph)2, 3>, mcu::Pin_<(mcu::Periph)1, 15>)>::__type>::__type>::type make_pins<(mcu::PinMode)1, mcu::Pin_<(mcu::Periph)2, 0>, mcu::Pin_<(mcu::Periph)1, 7>, mcu::Pin_<(mcu::Periph)1, 6>, mcu::Pin_<(mcu::Periph)1, 5>, mcu::Pin_<(mcu::Periph)2, 5>, mcu::Pin_<(mcu::Periph)2, 4>, mcu::Pin_<(mcu::Periph)2, 3>, mcu::Pin_<(mcu::Periph)1, 15> >()
 .text._ZN3Pin4makeIN3mcu4Pin_ILNS1_6PeriphE1ELi9EEELNS1_7PinModeE0EEERDav
                0x0000000008002658       0x4c build/main.o
                0x0000000008002658                auto& Pin::make<mcu::Pin_<(mcu::Periph)1, 9>, (mcu::PinMode)0>()
 .text._ZN3Pin4makeIN3mcu4Pin_ILNS1_6PeriphE1ELi8EEELNS1_7PinModeE0EEERDav
                0x00000000080026a4       0x4c build/main.o
                0x00000000080026a4                auto& Pin::make<mcu::Pin_<(mcu::Periph)1, 8>, (mcu::PinMode)0>()
 .text._ZN3Pin4makeIN3mcu4Pin_ILNS1_6PeriphE2ELi15EEELNS1_7PinModeE0EEERDav
                0x00000000080026f0       0x4c build/main.o
                0x00000000080026f0                auto& Pin::make<mcu::Pin_<(mcu::Periph)2, 15>, (mcu::PinMode)0>()
 .text._ZN3Pin4makeIN3mcu4Pin_ILNS1_6PeriphE2ELi14EEELNS1_7PinModeE0EEERDav
                0x000000000800273c       0x4c build/main.o
                0x000000000800273c                auto& Pin::make<mcu::Pin_<(mcu::Periph)2, 14>, (mcu::PinMode)0>()
 .text._ZN3Pin4makeIN3mcu4Pin_ILNS1_6PeriphE2ELi13EEELNS1_7PinModeE0EEERDav
                0x0000000008002788       0x4c build/main.o
                0x0000000008002788                auto& Pin::make<mcu::Pin_<(mcu::Periph)2, 13>, (mcu::PinMode)0>()
 .text._ZN3Pin4makeIN3mcu4Pin_ILNS1_6PeriphE2ELi12EEELNS1_7PinModeE0EEERDav
                0x00000000080027d4       0x4c build/main.o
                0x00000000080027d4                auto& Pin::make<mcu::Pin_<(mcu::Periph)2, 12>, (mcu::PinMode)0>()
 .text._ZN3Pin4makeIN3mcu4Pin_ILNS1_6PeriphE2ELi11EEELNS1_7PinModeE0EEERDav
                0x0000000008002820       0x4c build/main.o
                0x0000000008002820                auto& Pin::make<mcu::Pin_<(mcu::Periph)2, 11>, (mcu::PinMode)0>()
 .text._ZN3Pin4makeIN3mcu4Pin_ILNS1_6PeriphE2ELi10EEELNS1_7PinModeE0EEERDav
                0x000000000800286c       0x4c build/main.o
                0x000000000800286c                auto& Pin::make<mcu::Pin_<(mcu::Periph)2, 10>, (mcu::PinMode)0>()
 .text._ZN3Pin4makeIN3mcu4Pin_ILNS1_6PeriphE2ELi2EEELNS1_7PinModeE0EEERDav
                0x00000000080028b8       0x4c build/main.o
                0x00000000080028b8                auto& Pin::make<mcu::Pin_<(mcu::Periph)2, 2>, (mcu::PinMode)0>()
 .text._ZN3Pin4makeIN3mcu4Pin_ILNS1_6PeriphE2ELi1EEELNS1_7PinModeE0EEERDav
                0x0000000008002904       0x4c build/main.o
                0x0000000008002904                auto& Pin::make<mcu::Pin_<(mcu::Periph)2, 1>, (mcu::PinMode)0>()
 .text._Z9make_pinsILN3mcu7PinModeE0EJNS0_4Pin_ILNS0_6PeriphE1ELi9EEENS2_ILS3_1ELi8EEENS2_ILS3_2ELi15EEENS2_ILS3_2ELi14EEENS2_ILS3_2ELi13EEENS2_ILS3_2ELi12EEENS2_ILS3_2ELi11EEENS2_ILS3_2ELi10EEENS2_ILS3_2ELi2EEENS2_ILS3_2ELi1EEEEEN4meta19tuple_generate_implIR3PinNSt22_Make_integer_sequenceIjXsZT0_ENSt18_Build_index_tupleIXsZT0_EE6__typeEE6__typeEE4typeEv
                0x0000000008002950       0x7c build/main.o
                0x0000000008002950                meta::tuple_generate_impl<Pin&, std::_Make_integer_sequence<unsigned int, sizeof (mcu::Pin_<(mcu::Periph)1, 9>, mcu::Pin_<(mcu::Periph)1, 8>, mcu::Pin_<(mcu::Periph)2, 15>, mcu::Pin_<(mcu::Periph)2, 14>, mcu::Pin_<(mcu::Periph)2, 13>, mcu::Pin_<(mcu::Periph)2, 12>, mcu::Pin_<(mcu::Periph)2, 11>, mcu::Pin_<(mcu::Periph)2, 10>, mcu::Pin_<(mcu::Periph)2, 2>, mcu::Pin_<(mcu::Periph)2, 1>), std::_Build_index_tuple<sizeof (mcu::Pin_<(mcu::Periph)1, 9>, mcu::Pin_<(mcu::Periph)1, 8>, mcu::Pin_<(mcu::Periph)2, 15>, mcu::Pin_<(mcu::Periph)2, 14>, mcu::Pin_<(mcu::Periph)2, 13>, mcu::Pin_<(mcu::Periph)2, 12>, mcu::Pin_<(mcu::Periph)2, 11>, mcu::Pin_<(mcu::Periph)2, 10>, mcu::Pin_<(mcu::Periph)2, 2>, mcu::Pin_<(mcu::Periph)2, 1>)>::__type>::__type>::type make_pins<(mcu::PinMode)0, mcu::Pin_<(mcu::Periph)1, 9>, mcu::Pin_<(mcu::Periph)1, 8>, mcu::Pin_<(mcu::Periph)2, 15>, mcu::Pin_<(mcu::Periph)2, 14>, mcu::Pin_<(mcu::Periph)2, 13>, mcu::Pin_<(mcu::Periph)2, 12>, mcu::Pin_<(mcu::Periph)2, 11>, mcu::Pin_<(mcu::Periph)2, 10>, mcu::Pin_<(mcu::Periph)2, 2>, mcu::Pin_<(mcu::Periph)2, 1> >()
                0x0000000008002950                meta::tuple_generate_impl<Pin&, std::_Make_integer_sequence<unsigned int, 10, std::_Build_index_tuple<10>::__type>::__type>::type make_pins<(mcu::PinMode)0, mcu::Pin_<(mcu::Periph)1, 9>, mcu::Pin_<(mcu::Periph)1, 8>, mcu::Pin_<(mcu::Periph)2, 15>, mcu::Pin_<(mcu::Periph)2, 14>, mcu::Pin_<(mcu::Periph)2, 13>, mcu::Pin_<(mcu::Periph)2, 12>, mcu::Pin_<(mcu::Periph)2, 11>, mcu::Pin_<(mcu::Periph)2, 10>, mcu::Pin_<(mcu::Periph)2, 2>, mcu::Pin_<(mcu::Periph)2, 1> >()
 .text._ZN3mcu5USART17pin_static_assertILNS_6PeriphE6ENS_4Pin_ILS2_1ELi2EEENS3_ILS2_1ELi3EEEEEvv
                0x00000000080029cc        0xa build/main.o
                0x00000000080029cc                void mcu::USART::pin_static_assert<(mcu::Periph)6, mcu::Pin_<(mcu::Periph)1, 2>, mcu::Pin_<(mcu::Periph)1, 3> >()
 .text._ZN3mcu14make_referenceILNS_6PeriphE1EEENSt9enable_ifIXeqT_LS1_1EERNS_4GPIOEE4typeEv
                0x00000000080029d6        0xe build/main.o
                0x00000000080029d6                std::enable_if<((mcu::Periph)1)==((mcu::Periph)1), mcu::GPIO&>::type mcu::make_reference<(mcu::Periph)1>()
 .text._ZN3mcu3RCC12clock_enableILNS_6PeriphE1EEEvv
                0x00000000080029e4       0x1c build/main.o
                0x00000000080029e4                void mcu::RCC::clock_enable<(mcu::Periph)1>()
 .text._ZN3mcu4GPIO4initINS_4Pin_ILNS_6PeriphE1ELi2EEELNS_7PinModeE4EEEvv
                0x0000000008002a00       0x24 build/main.o
                0x0000000008002a00                void mcu::GPIO::init<mcu::Pin_<(mcu::Periph)1, 2>, (mcu::PinMode)4>()
 .text._ZN3mcu4GPIO4initINS_4Pin_ILNS_6PeriphE1ELi3EEELNS_7PinModeE4EEEvv
                0x0000000008002a24       0x24 build/main.o
                0x0000000008002a24                void mcu::GPIO::init<mcu::Pin_<(mcu::Periph)1, 3>, (mcu::PinMode)4>()
 .text._ZN3mcu4GPIO4initINS_4Pin_ILNS_6PeriphE1ELi1EEELNS_7PinModeE1EEEvv
                0x0000000008002a48       0x1a build/main.o
                0x0000000008002a48                void mcu::GPIO::init<mcu::Pin_<(mcu::Periph)1, 1>, (mcu::PinMode)1>()
 *fill*         0x0000000008002a62        0x2 
 .text._ZN3mcu14make_referenceILNS_6PeriphE9EEENSt9enable_ifIXeqT_LS1_9EERNS_10DMA_streamEE4typeEv
                0x0000000008002a64       0x10 build/main.o
                0x0000000008002a64                std::enable_if<((mcu::Periph)9)==((mcu::Periph)9), mcu::DMA_stream&>::type mcu::make_reference<(mcu::Periph)9>()
 .text._ZN3mcu14make_referenceILNS_6PeriphE10EEENSt9enable_ifIXeqT_LS1_10EERNS_10DMA_streamEE4typeEv
                0x0000000008002a74       0x10 build/main.o
                0x0000000008002a74                std::enable_if<((mcu::Periph)10)==((mcu::Periph)10), mcu::DMA_stream&>::type mcu::make_reference<(mcu::Periph)10>()
 .text._ZN10Net_bufferILj255EEC2Ev
                0x0000000008002a84       0x26 build/main.o
                0x0000000008002a84                Net_buffer<255u>::Net_buffer()
                0x0000000008002a84                Net_buffer<255u>::Net_buffer()
 .text._ZN10UART_sizedILj255EEC2ER3PinS2_S2_RN3mcu5USARTERNS3_3DMAERNS3_10DMA_streamES9_NS3_6PeriphENS6_7ChannelE
                0x0000000008002aaa       0x7a build/main.o
                0x0000000008002aaa                UART_sized<255u>::UART_sized(Pin&, Pin&, Pin&, mcu::USART&, mcu::DMA&, mcu::DMA_stream&, mcu::DMA_stream&, mcu::Periph, mcu::DMA::Channel)
                0x0000000008002aaa                UART_sized<255u>::UART_sized(Pin&, Pin&, Pin&, mcu::USART&, mcu::DMA&, mcu::DMA_stream&, mcu::DMA_stream&, mcu::Periph, mcu::DMA::Channel)
 .text._ZN3mcu3RCC12clock_enableILNS_6PeriphE6EEEvv
                0x0000000008002b24       0x1c build/main.o
                0x0000000008002b24                void mcu::RCC::clock_enable<(mcu::Periph)6>()
 .text._ZN3mcu3RCC12clock_enableILNS_6PeriphE7EEEvv
                0x0000000008002b40       0x1a build/main.o
                0x0000000008002b40                void mcu::RCC::clock_enable<(mcu::Periph)7>()
 .text._ZNSt5arrayIhLj255EE5beginEv
                0x0000000008002b5a       0x1a build/main.o
                0x0000000008002b5a                std::array<unsigned char, 255u>::begin()
 .text._ZN12Modbus_slaveIZ4mainE7In_regsZ4mainE8Out_regsEC2EhR10UART_sizedILj255EER9InterruptS7_
                0x0000000008002b74       0xe0 build/main.o
 .text._ZN10UART_sizedILj255EE4initERKNS0_8SettingsE
                0x0000000008002c54       0x8c build/main.o
                0x0000000008002c54                UART_sized<255u>::init(UART_sized<255u>::Settings const&)
 .text._ZN10UART_sizedILj255EE7receiveEv
                0x0000000008002ce0       0x6c build/main.o
                0x0000000008002ce0                UART_sized<255u>::receive()
 .text._ZN10Net_bufferILj255EE4sizeEv
                0x0000000008002d4c       0x22 build/main.o
                0x0000000008002d4c                Net_buffer<255u>::size()
 .text._ZN12Modbus_slaveIZ4mainE7In_regsZ4mainE8Out_regsEclIZ4mainEUltE_EEvT_
                0x0000000008002d6e      0x15e build/main.o
 .text._ZN4ListI10SubscriberE8IteratorC2EPS0_
                0x0000000008002ecc       0x1a build/main.o
                0x0000000008002ecc                List<Subscriber>::Iterator::Iterator(Subscriber*)
                0x0000000008002ecc                List<Subscriber>::Iterator::Iterator(Subscriber*)
 *fill*         0x0000000008002ee6        0x2 
 .text._ZN3mcu14make_referenceILNS_6PeriphE2EEENSt9enable_ifIXeqT_LS1_2EERNS_4GPIOEE4typeEv
                0x0000000008002ee8       0x10 build/main.o
                0x0000000008002ee8                std::enable_if<((mcu::Periph)2)==((mcu::Periph)2), mcu::GPIO&>::type mcu::make_reference<(mcu::Periph)2>()
 .text._ZN3mcu3RCC12clock_enableILNS_6PeriphE2EEEvv
                0x0000000008002ef8       0x1c build/main.o
                0x0000000008002ef8                void mcu::RCC::clock_enable<(mcu::Periph)2>()
 .text._ZN3mcu4GPIO4initINS_4Pin_ILNS_6PeriphE2ELi0EEELNS_7PinModeE1EEEvv
                0x0000000008002f14       0x1a build/main.o
                0x0000000008002f14                void mcu::GPIO::init<mcu::Pin_<(mcu::Periph)2, 0>, (mcu::PinMode)1>()
 .text._ZN3mcu4GPIO4initINS_4Pin_ILNS_6PeriphE1ELi7EEELNS_7PinModeE1EEEvv
                0x0000000008002f2e       0x1a build/main.o
                0x0000000008002f2e                void mcu::GPIO::init<mcu::Pin_<(mcu::Periph)1, 7>, (mcu::PinMode)1>()
 .text._ZN3mcu4GPIO4initINS_4Pin_ILNS_6PeriphE1ELi6EEELNS_7PinModeE1EEEvv
                0x0000000008002f48       0x1a build/main.o
                0x0000000008002f48                void mcu::GPIO::init<mcu::Pin_<(mcu::Periph)1, 6>, (mcu::PinMode)1>()
 .text._ZN3mcu4GPIO4initINS_4Pin_ILNS_6PeriphE1ELi5EEELNS_7PinModeE1EEEvv
                0x0000000008002f62       0x1a build/main.o
                0x0000000008002f62                void mcu::GPIO::init<mcu::Pin_<(mcu::Periph)1, 5>, (mcu::PinMode)1>()
 .text._ZN3mcu4GPIO4initINS_4Pin_ILNS_6PeriphE2ELi5EEELNS_7PinModeE1EEEvv
                0x0000000008002f7c       0x1a build/main.o
                0x0000000008002f7c                void mcu::GPIO::init<mcu::Pin_<(mcu::Periph)2, 5>, (mcu::PinMode)1>()
 .text._ZN3mcu4GPIO4initINS_4Pin_ILNS_6PeriphE2ELi4EEELNS_7PinModeE1EEEvv
                0x0000000008002f96       0x1a build/main.o
                0x0000000008002f96                void mcu::GPIO::init<mcu::Pin_<(mcu::Periph)2, 4>, (mcu::PinMode)1>()
 .text._ZN3mcu4GPIO4initINS_4Pin_ILNS_6PeriphE2ELi3EEELNS_7PinModeE1EEEvv
                0x0000000008002fb0       0x1a build/main.o
                0x0000000008002fb0                void mcu::GPIO::init<mcu::Pin_<(mcu::Periph)2, 3>, (mcu::PinMode)1>()
 .text._ZN3mcu4GPIO4initINS_4Pin_ILNS_6PeriphE1ELi15EEELNS_7PinModeE1EEEvv
                0x0000000008002fca       0x1a build/main.o
                0x0000000008002fca                void mcu::GPIO::init<mcu::Pin_<(mcu::Periph)1, 15>, (mcu::PinMode)1>()
 .text._ZSt3tieIJ3PinS0_S0_S0_S0_S0_S0_S0_EESt5tupleIJDpRT_EES4_
                0x0000000008002fe4       0x38 build/main.o
                0x0000000008002fe4                std::tuple<Pin&, Pin&, Pin&, Pin&, Pin&, Pin&, Pin&, Pin&> std::tie<Pin, Pin, Pin, Pin, Pin, Pin, Pin, Pin>(Pin&, Pin&, Pin&, Pin&, Pin&, Pin&, Pin&, Pin&)
 .text._ZN3mcu4GPIO4initINS_4Pin_ILNS_6PeriphE1ELi9EEELNS_7PinModeE0EEEvv
                0x000000000800301c       0x1a build/main.o
                0x000000000800301c                void mcu::GPIO::init<mcu::Pin_<(mcu::Periph)1, 9>, (mcu::PinMode)0>()
 .text._ZN3mcu4GPIO4initINS_4Pin_ILNS_6PeriphE1ELi8EEELNS_7PinModeE0EEEvv
                0x0000000008003036       0x1a build/main.o
                0x0000000008003036                void mcu::GPIO::init<mcu::Pin_<(mcu::Periph)1, 8>, (mcu::PinMode)0>()
 .text._ZN3mcu4GPIO4initINS_4Pin_ILNS_6PeriphE2ELi15EEELNS_7PinModeE0EEEvv
                0x0000000008003050       0x1a build/main.o
                0x0000000008003050                void mcu::GPIO::init<mcu::Pin_<(mcu::Periph)2, 15>, (mcu::PinMode)0>()
 .text._ZN3mcu4GPIO4initINS_4Pin_ILNS_6PeriphE2ELi14EEELNS_7PinModeE0EEEvv
                0x000000000800306a       0x1a build/main.o
                0x000000000800306a                void mcu::GPIO::init<mcu::Pin_<(mcu::Periph)2, 14>, (mcu::PinMode)0>()
 .text._ZN3mcu4GPIO4initINS_4Pin_ILNS_6PeriphE2ELi13EEELNS_7PinModeE0EEEvv
                0x0000000008003084       0x1a build/main.o
                0x0000000008003084                void mcu::GPIO::init<mcu::Pin_<(mcu::Periph)2, 13>, (mcu::PinMode)0>()
 .text._ZN3mcu4GPIO4initINS_4Pin_ILNS_6PeriphE2ELi12EEELNS_7PinModeE0EEEvv
                0x000000000800309e       0x1a build/main.o
                0x000000000800309e                void mcu::GPIO::init<mcu::Pin_<(mcu::Periph)2, 12>, (mcu::PinMode)0>()
 .text._ZN3mcu4GPIO4initINS_4Pin_ILNS_6PeriphE2ELi11EEELNS_7PinModeE0EEEvv
                0x00000000080030b8       0x1a build/main.o
                0x00000000080030b8                void mcu::GPIO::init<mcu::Pin_<(mcu::Periph)2, 11>, (mcu::PinMode)0>()
 .text._ZN3mcu4GPIO4initINS_4Pin_ILNS_6PeriphE2ELi10EEELNS_7PinModeE0EEEvv
                0x00000000080030d2       0x1a build/main.o
                0x00000000080030d2                void mcu::GPIO::init<mcu::Pin_<(mcu::Periph)2, 10>, (mcu::PinMode)0>()
 .text._ZN3mcu4GPIO4initINS_4Pin_ILNS_6PeriphE2ELi2EEELNS_7PinModeE0EEEvv
                0x00000000080030ec       0x1a build/main.o
                0x00000000080030ec                void mcu::GPIO::init<mcu::Pin_<(mcu::Periph)2, 2>, (mcu::PinMode)0>()
 .text._ZN3mcu4GPIO4initINS_4Pin_ILNS_6PeriphE2ELi1EEELNS_7PinModeE0EEEvv
                0x0000000008003106       0x1a build/main.o
                0x0000000008003106                void mcu::GPIO::init<mcu::Pin_<(mcu::Periph)2, 1>, (mcu::PinMode)0>()
 .text._ZSt3tieIJ3PinS0_S0_S0_S0_S0_S0_S0_S0_S0_EESt5tupleIJDpRT_EES4_
                0x0000000008003120       0x40 build/main.o
                0x0000000008003120                std::tuple<Pin&, Pin&, Pin&, Pin&, Pin&, Pin&, Pin&, Pin&, Pin&, Pin&> std::tie<Pin, Pin, Pin, Pin, Pin, Pin, Pin, Pin, Pin, Pin>(Pin&, Pin&, Pin&, Pin&, Pin&, Pin&, Pin&, Pin&, Pin&, Pin&)
 .text._ZN3mcu4GPIO3setILj2EEERS0_NS_9GPIO_bits5MODER4ModeE
                0x0000000008003160       0x34 build/main.o
                0x0000000008003160                mcu::GPIO& mcu::GPIO::set<2u>(mcu::GPIO_bits::MODER::Mode)
 .text._ZN3mcu4GPIO3setILj2EEERS0_NS_9GPIO_bits3AFR2AFE
                0x0000000008003194       0x38 build/main.o
                0x0000000008003194                mcu::GPIO& mcu::GPIO::set<2u>(mcu::GPIO_bits::AFR::AF)
 .text._ZN3mcu4GPIO3setILj3EEERS0_NS_9GPIO_bits5MODER4ModeE
                0x00000000080031cc       0x34 build/main.o
                0x00000000080031cc                mcu::GPIO& mcu::GPIO::set<3u>(mcu::GPIO_bits::MODER::Mode)
 .text._ZN3mcu4GPIO3setILj3EEERS0_NS_9GPIO_bits3AFR2AFE
                0x0000000008003200       0x38 build/main.o
                0x0000000008003200                mcu::GPIO& mcu::GPIO::set<3u>(mcu::GPIO_bits::AFR::AF)
 .text._ZN3mcu4GPIO3setILj1EEERS0_NS_9GPIO_bits5MODER4ModeE
                0x0000000008003238       0x34 build/main.o
                0x0000000008003238                mcu::GPIO& mcu::GPIO::set<1u>(mcu::GPIO_bits::MODER::Mode)
 .text._ZNSt5arrayIhLj255EE4dataEv
                0x000000000800326c       0x1a build/main.o
                0x000000000800326c                std::array<unsigned char, 255u>::data()
 *fill*         0x0000000008003286        0x2 
 .text._ZN12InterruptingC2Ev
                0x0000000008003288       0x24 build/main.o
                0x0000000008003288                Interrupting::Interrupting()
                0x0000000008003288                Interrupting::Interrupting()
 .text._ZN12Modbus_slaveIZ4mainE7In_regsZ4mainE8Out_regsE14uart_interruptC2ERS2_
                0x00000000080032ac       0x3c build/main.o
 .text._ZN12Modbus_slaveIZ4mainE7In_regsZ4mainE8Out_regsE13dma_interruptC2ERS2_
                0x00000000080032e8       0x3c build/main.o
 .text._ZN10Net_bufferILj255EE5clearEv
                0x0000000008003324       0x24 build/main.o
                0x0000000008003324                Net_buffer<255u>::clear()
 .text._ZN10UART_sizedILj255EE12is_receivingEv
                0x0000000008003348       0x38 build/main.o
                0x0000000008003348                UART_sized<255u>::is_receiving()
 .text._ZN10Net_bufferILj255EE5frontEv
                0x0000000008003380       0x28 build/main.o
                0x0000000008003380                Net_buffer<255u>::front()
 .text._ZN10Net_bufferILj255EE3endEv
                0x00000000080033a8       0x2c build/main.o
                0x00000000080033a8                Net_buffer<255u>::end()
 .text._Z5CRC16IPhEDaT_S1_
                0x00000000080033d4       0x80 build/main.o
                0x00000000080033d4                auto CRC16<unsigned char*>(unsigned char*, unsigned char*)
 .text._ZSt3getILj0EJhhEERNSt13tuple_elementIXT_ESt5tupleIJDpT0_EEE4typeERS4_
                0x0000000008003454       0x1a build/main.o
                0x0000000008003454                std::tuple_element<0u, std::tuple<unsigned char, unsigned char> >::type& std::get<0u, unsigned char, unsigned char>(std::tuple<unsigned char, unsigned char>&)
 .text._ZSt12__get_helperILj0EhJhEERT0_RSt11_Tuple_implIXT_EJS0_DpT1_EE
                0x000000000800346e       0x1a build/main.o
                0x000000000800346e                unsigned char& std::__get_helper<0u, unsigned char, unsigned char>(std::_Tuple_impl<0u, unsigned char, unsigned char>&)
 .text._ZNSt11_Tuple_implILj0EJhhEE7_M_headERS0_
                0x0000000008003488       0x1c build/main.o
                0x0000000008003488                std::_Tuple_impl<0u, unsigned char, unsigned char>::_M_head(std::_Tuple_impl<0u, unsigned char, unsigned char>&)
 .text._ZNSt10_Head_baseILj0EhLb0EE7_M_headERS0_
                0x00000000080034a4       0x12 build/main.o
                0x00000000080034a4                std::_Head_base<0u, unsigned char, false>::_M_head(std::_Head_base<0u, unsigned char, false>&)
 .text._ZSt3getILj0EJhhEEONSt13tuple_elementIXT_ESt5tupleIJDpT0_EEE4typeEOS4_
                0x00000000080034b6       0x22 build/main.o
                0x00000000080034b6                std::tuple_element<0u, std::tuple<unsigned char, unsigned char> >::type&& std::get<0u, unsigned char, unsigned char>(std::tuple<unsigned char, unsigned char>&&)
 .text._ZSt7forwardIOhEOT_RNSt16remove_referenceIS1_E4typeE
                0x00000000080034d8       0x12 build/main.o
                0x00000000080034d8                unsigned char&& std::forward<unsigned char&&>(std::remove_reference<unsigned char&&>::type&)
 .text._ZSt3getILj1EJhhEERNSt13tuple_elementIXT_ESt5tupleIJDpT0_EEE4typeERS4_
                0x00000000080034ea       0x1a build/main.o
                0x00000000080034ea                std::tuple_element<1u, std::tuple<unsigned char, unsigned char> >::type& std::get<1u, unsigned char, unsigned char>(std::tuple<unsigned char, unsigned char>&)
 .text._ZSt12__get_helperILj1EhJEERT0_RSt11_Tuple_implIXT_EJS0_DpT1_EE
                0x0000000008003504       0x1a build/main.o
                0x0000000008003504                unsigned char& std::__get_helper<1u, unsigned char>(std::_Tuple_impl<1u, unsigned char>&)
 .text._ZNSt11_Tuple_implILj1EJhEE7_M_headERS0_
                0x000000000800351e       0x1a build/main.o
                0x000000000800351e                std::_Tuple_impl<1u, unsigned char>::_M_head(std::_Tuple_impl<1u, unsigned char>&)
 .text._ZNSt10_Head_baseILj1EhLb0EE7_M_headERS0_
                0x0000000008003538       0x12 build/main.o
                0x0000000008003538                std::_Head_base<1u, unsigned char, false>::_M_head(std::_Head_base<1u, unsigned char, false>&)
 .text._ZSt3getILj1EJhhEEONSt13tuple_elementIXT_ESt5tupleIJDpT0_EEE4typeEOS4_
                0x000000000800354a       0x22 build/main.o
                0x000000000800354a                std::tuple_element<1u, std::tuple<unsigned char, unsigned char> >::type&& std::get<1u, unsigned char, unsigned char>(std::tuple<unsigned char, unsigned char>&&)
 .text._ZN12Modbus_slaveIZ4mainE7In_regsZ4mainE8Out_regsE9check_CRCEv
                0x000000000800356c       0x92 build/main.o
 .text._ZN10Net_bufferILj255EE9pop_frontEv
                0x00000000080035fe       0x50 build/main.o
                0x00000000080035fe                Net_buffer<255u>::pop_front()
 .text._ZN12Modbus_slaveIZ4mainE7In_regsZ4mainE8Out_regsE9answer_03Ev
                0x000000000800364e      0x108 build/main.o
 .text._ZN12Modbus_slaveIZ4mainE7In_regsZ4mainE8Out_regsE9answer_16IZ4mainEUltE_EEvT_
                0x0000000008003756      0x166 build/main.o
 .text._ZN12Modbus_slaveIZ4mainE7In_regsZ4mainE8Out_regsE12answer_errorE17Modbus_error_code
                0x00000000080038bc      0x138 build/main.o
 .text._ZN3mcu4GPIO3setILj0EEERS0_NS_9GPIO_bits5MODER4ModeE
                0x00000000080039f4       0x32 build/main.o
                0x00000000080039f4                mcu::GPIO& mcu::GPIO::set<0u>(mcu::GPIO_bits::MODER::Mode)
 *fill*         0x0000000008003a26        0x2 
 .text._ZN3mcu4GPIO3setILj7EEERS0_NS_9GPIO_bits5MODER4ModeE
                0x0000000008003a28       0x38 build/main.o
                0x0000000008003a28                mcu::GPIO& mcu::GPIO::set<7u>(mcu::GPIO_bits::MODER::Mode)
 .text._ZN3mcu4GPIO3setILj6EEERS0_NS_9GPIO_bits5MODER4ModeE
                0x0000000008003a60       0x38 build/main.o
                0x0000000008003a60                mcu::GPIO& mcu::GPIO::set<6u>(mcu::GPIO_bits::MODER::Mode)
 .text._ZN3mcu4GPIO3setILj5EEERS0_NS_9GPIO_bits5MODER4ModeE
                0x0000000008003a98       0x38 build/main.o
                0x0000000008003a98                mcu::GPIO& mcu::GPIO::set<5u>(mcu::GPIO_bits::MODER::Mode)
 .text._ZN3mcu4GPIO3setILj4EEERS0_NS_9GPIO_bits5MODER4ModeE
                0x0000000008003ad0       0x38 build/main.o
                0x0000000008003ad0                mcu::GPIO& mcu::GPIO::set<4u>(mcu::GPIO_bits::MODER::Mode)
 .text._ZN3mcu4GPIO3setILj15EEERS0_NS_9GPIO_bits5MODER4ModeE
                0x0000000008003b08       0x30 build/main.o
                0x0000000008003b08                mcu::GPIO& mcu::GPIO::set<15u>(mcu::GPIO_bits::MODER::Mode)
 .text._ZNSt5tupleIJR3PinS1_S1_S1_S1_S1_S1_S1_EEC2IvLb1EEES1_S1_S1_S1_S1_S1_S1_S1_
                0x0000000008003b38       0x3a build/main.o
                0x0000000008003b38                std::tuple<Pin&, Pin&, Pin&, Pin&, Pin&, Pin&, Pin&, Pin&>::tuple<void, true>(Pin&, Pin&, Pin&, Pin&, Pin&, Pin&, Pin&, Pin&)
                0x0000000008003b38                std::tuple<Pin&, Pin&, Pin&, Pin&, Pin&, Pin&, Pin&, Pin&>::tuple<void, true>(Pin&, Pin&, Pin&, Pin&, Pin&, Pin&, Pin&, Pin&)
 *fill*         0x0000000008003b72        0x2 
 .text._ZN3mcu4GPIO3setILj9EEERS0_NS_9GPIO_bits5MODER4ModeE
                0x0000000008003b74       0x38 build/main.o
                0x0000000008003b74                mcu::GPIO& mcu::GPIO::set<9u>(mcu::GPIO_bits::MODER::Mode)
 .text._ZN3mcu4GPIO3setILj8EEERS0_NS_9GPIO_bits5MODER4ModeE
                0x0000000008003bac       0x38 build/main.o
                0x0000000008003bac                mcu::GPIO& mcu::GPIO::set<8u>(mcu::GPIO_bits::MODER::Mode)
 .text._ZN3mcu4GPIO3setILj14EEERS0_NS_9GPIO_bits5MODER4ModeE
                0x0000000008003be4       0x38 build/main.o
                0x0000000008003be4                mcu::GPIO& mcu::GPIO::set<14u>(mcu::GPIO_bits::MODER::Mode)
 .text._ZN3mcu4GPIO3setILj13EEERS0_NS_9GPIO_bits5MODER4ModeE
                0x0000000008003c1c       0x38 build/main.o
                0x0000000008003c1c                mcu::GPIO& mcu::GPIO::set<13u>(mcu::GPIO_bits::MODER::Mode)
 .text._ZN3mcu4GPIO3setILj12EEERS0_NS_9GPIO_bits5MODER4ModeE
                0x0000000008003c54       0x38 build/main.o
                0x0000000008003c54                mcu::GPIO& mcu::GPIO::set<12u>(mcu::GPIO_bits::MODER::Mode)
 .text._ZN3mcu4GPIO3setILj11EEERS0_NS_9GPIO_bits5MODER4ModeE
                0x0000000008003c8c       0x38 build/main.o
                0x0000000008003c8c                mcu::GPIO& mcu::GPIO::set<11u>(mcu::GPIO_bits::MODER::Mode)
 .text._ZN3mcu4GPIO3setILj10EEERS0_NS_9GPIO_bits5MODER4ModeE
                0x0000000008003cc4       0x38 build/main.o
                0x0000000008003cc4                mcu::GPIO& mcu::GPIO::set<10u>(mcu::GPIO_bits::MODER::Mode)
 .text._ZNSt5tupleIJR3PinS1_S1_S1_S1_S1_S1_S1_S1_S1_EEC2IvLb1EEES1_S1_S1_S1_S1_S1_S1_S1_S1_S1_
                0x0000000008003cfc       0x42 build/main.o
                0x0000000008003cfc                std::tuple<Pin&, Pin&, Pin&, Pin&, Pin&, Pin&, Pin&, Pin&, Pin&, Pin&>::tuple<void, true>(Pin&, Pin&, Pin&, Pin&, Pin&, Pin&, Pin&, Pin&, Pin&, Pin&)
                0x0000000008003cfc                std::tuple<Pin&, Pin&, Pin&, Pin&, Pin&, Pin&, Pin&, Pin&, Pin&, Pin&>::tuple<void, true>(Pin&, Pin&, Pin&, Pin&, Pin&, Pin&, Pin&, Pin&, Pin&, Pin&)
 .text._ZNSt14__array_traitsIhLj255EE6_S_ptrERA255_Kh
                0x0000000008003d3e       0x12 build/main.o
                0x0000000008003d3e                std::__array_traits<unsigned char, 255u>::_S_ptr(unsigned char const (&) [255])
 .text._ZNSt5arrayIhLj255EEixEj
                0x0000000008003d50       0x20 build/main.o
                0x0000000008003d50                std::array<unsigned char, 255u>::operator[](unsigned int)
 .text._ZN10Net_bufferILj255EE8pop_backEv
                0x0000000008003d70       0x54 build/main.o
                0x0000000008003d70                Net_buffer<255u>::pop_back()
 .text._ZSt7forwardIRhEOT_RNSt16remove_referenceIS1_E4typeE
                0x0000000008003dc4       0x12 build/main.o
                0x0000000008003dc4                unsigned char& std::forward<unsigned char&>(std::remove_reference<unsigned char&>::type&)
 .text._ZNSt5tupleIJhhEEC2IRhS2_Lb1EEEOT_OT0_
                0x0000000008003dd6       0x36 build/main.o
                0x0000000008003dd6                std::tuple<unsigned char, unsigned char>::tuple<unsigned char&, unsigned char&, true>(unsigned char&, unsigned char&)
                0x0000000008003dd6                std::tuple<unsigned char, unsigned char>::tuple<unsigned char&, unsigned char&, true>(unsigned char&, unsigned char&)
 .text._ZN12Modbus_slaveIZ4mainE7In_regsZ4mainE8Out_regsE9check_regEt
                0x0000000008003e0c       0x76 build/main.o
 .text._ZN10Net_bufferILj255EElsEh
                0x0000000008003e82       0x48 build/main.o
                0x0000000008003e82                Net_buffer<255u>::operator<<(unsigned char)
 .text._ZNSt5arrayIhLj2EEixEj
                0x0000000008003eca       0x20 build/main.o
                0x0000000008003eca                std::array<unsigned char, 2u>::operator[](unsigned int)
 .text._ZNSt14__array_traitsIhLj2EE6_S_refERA2_Khj
                0x0000000008003eea       0x18 build/main.o
                0x0000000008003eea                std::__array_traits<unsigned char, 2u>::_S_ref(unsigned char const (&) [2], unsigned int)
 .text._ZN10Net_bufferILj255EE8to_bytesEt
                0x0000000008003f02       0x42 build/main.o
                0x0000000008003f02                Net_buffer<255u>::to_bytes(unsigned short)
 .text._ZN10Net_bufferILj255EElsEt
                0x0000000008003f44       0x5c build/main.o
                0x0000000008003f44                Net_buffer<255u>::operator<<(unsigned short)
 .text._ZN10UART_sizedILj255EE8transmitEv
                0x0000000008003fa0       0x7a build/main.o
                0x0000000008003fa0                UART_sized<255u>::transmit()
 .text._ZN10Net_bufferILj255EErsERh
                0x000000000800401a       0x5c build/main.o
                0x000000000800401a                Net_buffer<255u>::operator>>(unsigned char&)
 .text._ZN12Modbus_slaveIZ4mainE7In_regsZ4mainE8Out_regsE11check_valueEv
                0x0000000008004076      0x19c build/main.o
 .text._ZN12Modbus_slaveIZ4mainE7In_regsZ4mainE8Out_regsE12set_high_bitEh
                0x0000000008004212       0x22 build/main.o
 .text._ZNSt11_Tuple_implILj0EJR3PinS1_S1_S1_S1_S1_S1_S1_EEC2ES1_S1_S1_S1_S1_S1_S1_S1_
                0x0000000008004234       0x44 build/main.o
                0x0000000008004234                std::_Tuple_impl<0u, Pin&, Pin&, Pin&, Pin&, Pin&, Pin&, Pin&, Pin&>::_Tuple_impl(Pin&, Pin&, Pin&, Pin&, Pin&, Pin&, Pin&, Pin&)
                0x0000000008004234                std::_Tuple_impl<0u, Pin&, Pin&, Pin&, Pin&, Pin&, Pin&, Pin&, Pin&>::_Tuple_impl(Pin&, Pin&, Pin&, Pin&, Pin&, Pin&, Pin&, Pin&)
 .text._ZNSt11_Tuple_implILj0EJR3PinS1_S1_S1_S1_S1_S1_S1_S1_S1_EEC2ES1_S1_S1_S1_S1_S1_S1_S1_S1_S1_
                0x0000000008004278       0x4c build/main.o
                0x0000000008004278                std::_Tuple_impl<0u, Pin&, Pin&, Pin&, Pin&, Pin&, Pin&, Pin&, Pin&, Pin&, Pin&>::_Tuple_impl(Pin&, Pin&, Pin&, Pin&, Pin&, Pin&, Pin&, Pin&, Pin&, Pin&)
                0x0000000008004278                std::_Tuple_impl<0u, Pin&, Pin&, Pin&, Pin&, Pin&, Pin&, Pin&, Pin&, Pin&, Pin&>::_Tuple_impl(Pin&, Pin&, Pin&, Pin&, Pin&, Pin&, Pin&, Pin&, Pin&, Pin&)
 .text._ZNSt14__array_traitsIhLj255EE6_S_refERA255_Khj
                0x00000000080042c4       0x18 build/main.o
                0x00000000080042c4                std::__array_traits<unsigned char, 255u>::_S_ref(unsigned char const (&) [255], unsigned int)
 .text._ZNSt11_Tuple_implILj0EJhhEEC2IRhJS2_EvEEOT_DpOT0_
                0x00000000080042dc       0x40 build/main.o
                0x00000000080042dc                std::_Tuple_impl<0u, unsigned char, unsigned char>::_Tuple_impl<unsigned char&, unsigned char&, void>(unsigned char&, unsigned char&)
                0x00000000080042dc                std::_Tuple_impl<0u, unsigned char, unsigned char>::_Tuple_impl<unsigned char&, unsigned char&, void>(unsigned char&, unsigned char&)
 .text._ZN10Net_bufferILj255EE10from_bytesEhh
                0x000000000800431c       0x36 build/main.o
                0x000000000800431c                Net_buffer<255u>::from_bytes(unsigned char, unsigned char)
 .text._ZN10Net_bufferILj255EErsERt
                0x0000000008004352       0x6a build/main.o
                0x0000000008004352                Net_buffer<255u>::operator>>(unsigned short&)
 .text._ZNSt11_Tuple_implILj1EJR3PinS1_S1_S1_S1_S1_S1_EEC2ES1_S1_S1_S1_S1_S1_S1_
                0x00000000080043bc       0x40 build/main.o
                0x00000000080043bc                std::_Tuple_impl<1u, Pin&, Pin&, Pin&, Pin&, Pin&, Pin&, Pin&>::_Tuple_impl(Pin&, Pin&, Pin&, Pin&, Pin&, Pin&, Pin&)
                0x00000000080043bc                std::_Tuple_impl<1u, Pin&, Pin&, Pin&, Pin&, Pin&, Pin&, Pin&>::_Tuple_impl(Pin&, Pin&, Pin&, Pin&, Pin&, Pin&, Pin&)
 .text._ZNSt10_Head_baseILj0ER3PinLb0EEC2ES1_
                0x00000000080043fc       0x1a build/main.o
                0x00000000080043fc                std::_Head_base<0u, Pin&, false>::_Head_base(Pin&)
                0x00000000080043fc                std::_Head_base<0u, Pin&, false>::_Head_base(Pin&)
 .text._ZNSt11_Tuple_implILj1EJR3PinS1_S1_S1_S1_S1_S1_S1_S1_EEC2ES1_S1_S1_S1_S1_S1_S1_S1_S1_
                0x0000000008004416       0x48 build/main.o
                0x0000000008004416                std::_Tuple_impl<1u, Pin&, Pin&, Pin&, Pin&, Pin&, Pin&, Pin&, Pin&, Pin&>::_Tuple_impl(Pin&, Pin&, Pin&, Pin&, Pin&, Pin&, Pin&, Pin&, Pin&)
                0x0000000008004416                std::_Tuple_impl<1u, Pin&, Pin&, Pin&, Pin&, Pin&, Pin&, Pin&, Pin&, Pin&>::_Tuple_impl(Pin&, Pin&, Pin&, Pin&, Pin&, Pin&, Pin&, Pin&, Pin&)
 .text._ZNSt11_Tuple_implILj1EJhEEC2IRhEEOT_
                0x000000000800445e       0x28 build/main.o
                0x000000000800445e                std::_Tuple_impl<1u, unsigned char>::_Tuple_impl<unsigned char&>(unsigned char&)
                0x000000000800445e                std::_Tuple_impl<1u, unsigned char>::_Tuple_impl<unsigned char&>(unsigned char&)
 .text._ZNSt10_Head_baseILj0EhLb0EEC2IRhEEOT_
                0x0000000008004486       0x24 build/main.o
                0x0000000008004486                std::_Head_base<0u, unsigned char, false>::_Head_base<unsigned char&>(unsigned char&)
                0x0000000008004486                std::_Head_base<0u, unsigned char, false>::_Head_base<unsigned char&>(unsigned char&)
 .text._ZNSt11_Tuple_implILj2EJR3PinS1_S1_S1_S1_S1_EEC2ES1_S1_S1_S1_S1_S1_
                0x00000000080044aa       0x3c build/main.o
                0x00000000080044aa                std::_Tuple_impl<2u, Pin&, Pin&, Pin&, Pin&, Pin&, Pin&>::_Tuple_impl(Pin&, Pin&, Pin&, Pin&, Pin&, Pin&)
                0x00000000080044aa                std::_Tuple_impl<2u, Pin&, Pin&, Pin&, Pin&, Pin&, Pin&>::_Tuple_impl(Pin&, Pin&, Pin&, Pin&, Pin&, Pin&)
 .text._ZNSt10_Head_baseILj1ER3PinLb0EEC2ES1_
                0x00000000080044e6       0x1a build/main.o
                0x00000000080044e6                std::_Head_base<1u, Pin&, false>::_Head_base(Pin&)
                0x00000000080044e6                std::_Head_base<1u, Pin&, false>::_Head_base(Pin&)
 .text._ZNSt11_Tuple_implILj2EJR3PinS1_S1_S1_S1_S1_S1_S1_EEC2ES1_S1_S1_S1_S1_S1_S1_S1_
                0x0000000008004500       0x44 build/main.o
                0x0000000008004500                std::_Tuple_impl<2u, Pin&, Pin&, Pin&, Pin&, Pin&, Pin&, Pin&, Pin&>::_Tuple_impl(Pin&, Pin&, Pin&, Pin&, Pin&, Pin&, Pin&, Pin&)
                0x0000000008004500                std::_Tuple_impl<2u, Pin&, Pin&, Pin&, Pin&, Pin&, Pin&, Pin&, Pin&>::_Tuple_impl(Pin&, Pin&, Pin&, Pin&, Pin&, Pin&, Pin&, Pin&)
 .text._ZNSt10_Head_baseILj1EhLb0EEC2IRhEEOT_
                0x0000000008004544       0x24 build/main.o